<html>
<body>
<pre>
<h1>µVision Build Log</h1>
<h2>Tool Versions:</h2>
IDE-Version: £gVision V5.16.0.0
Copyright (C) 2015 ARM Ltd and ARM Germany GmbH. All rights reserved.
License Information: aaa aaa, aa, LIC=----
 
Tool Versions:
Toolchain:       MDK-Lite  Version: 5.16.0.0
Toolchain Path:  C:\Keil_v5\ARM\ARMCC\Bin
C Compiler:      Armcc.exe V5.06 (build 20)
Assembler:       Armasm.exe V5.06 (build 20)
Linker/Locator:  ArmLink.exe V5.06 (build 20)
Library Manager: ArmAr.exe V5.06 (build 20)
Hex Converter:   FromElf.exe V5.06 (build 20)
CPU DLL:         SARMCM3.DLL V5.16.0.0
Dialog DLL:      DARMCM1.DLL V1.12.0.0
Target DLL:      Segger\JL2CM3.dll V2.99.15.2
Dialog DLL:      TARMCM1.DLL V1.9.0.0
 
<h2>Project:</h2>
C:\Users\vincent\Desktop\FreeRTOS\project.uvprojx
Project File Date:  08/27/2022

<h2>Output:</h2>
*** Using Compiler 'V5.06 (build 20)', folder: 'C:\Keil_v5\ARM\ARMCC\Bin'
Rebuild target 'Target 1'
compiling fifo.c...
src\fifo.c(64): warning:  #186-D: pointless comparison of unsigned integer with zero
  	 if ( r < 0) r+= fifo->Size;
src\fifo.c: 1 warning, 0 errors
compiling lcd.c...
compiling rgb.c...
compiling uart1.c...
compiling main.c...
src\main.c(291): warning:  #767-D: conversion from pointer to smaller integer
  	uint8_t srcTask = (uint8_t)pvParameters;
src\main.c(305): warning:  #223-D: function "memcpy" declared implicitly
  					memcpy(tBuf, recData->pData, recData->dataLength);
src\main.c(291): warning:  #177-D: variable "srcTask" was declared but never referenced
  	uint8_t srcTask = (uint8_t)pvParameters;
src\main.c(328): warning:  #767-D: conversion from pointer to smaller integer
  	uint8_t srcTask = (uint8_t)pvParameters;
src\main.c(343): warning:  #188-D: enumerated type mixed with another type
  				osMessageSend(srcTask, RGB_TASK, tBuf, 4);
src\main.c(349): warning:  #260-D: explicit type is missing ("int" assumed)
  				static count = 0;
src\main.c(348): warning:  #550-D: variable "data" was set but never used
  				uint8_t data[4];
src\main.c(109): warning:  #177-D: function "uartParser" was declared but never referenced
  static parserState_t uartParser(uint8_t *data, uint16_t dataLength)
src\main.c: 8 warnings, 0 errors
compiling croutine.c...
compiling event_groups.c...
compiling utility.c...
src\utility.c(108): warning:  #223-D: function "memset" declared implicitly
      memset(memory, 0, size);
src\utility.c(144): warning:  #223-D: function "memcpy" declared implicitly
      memcpy(tBuf->pData, pData, dataLength);
src\utility.c: 2 warnings, 0 errors
compiling list.c...
compiling queue.c...
compiling timers.c...
compiling tasks.c...
compiling stream_buffer.c...
compiling heap_4.c...
compiling port.c...
compiling sys.c...
compiling uart.c...
compiling retarget.c...
assembling startup_Nano100Series.s...
compiling system_Nano100Series.c...
linking...
Program Size: Code=11082 RO-data=266 RW-data=168 ZI-data=11072  
".\Objects\project.axf" - 0 Error(s), 11 Warning(s).

<h2>Software Packages used:</h2>

Package Vendor: ARM
                http://www.keil.com/pack/ARM.CMSIS.4.3.0.pack
                ARM::CMSIS:CORE:4.1.0
                CMSIS (Cortex Microcontroller Software Interface Standard)
   * Component: CORE Version: 4.1.0

Package Vendor: Nuvoton
                http://www.nuvoton.com/hq/enu/Documents/KEILSoftwarePack/Nuvoton.NuMicro_DFP.1.0.7.pack
                Nuvoton::Device:Startup:3.01.000
                Nuvoton ARM Cortex-M NuMicro Family Device Support
   * Component: Startup Version: 3.01.000
   * Component: UART Version: 3.01.000
   * Component: SYS Version: 3.01.000

<h2>Collection of Component include folders:</h2>
  C:\Users\vincent\Desktop\FreeRTOS\RTE
  C:\Keil_v5\ARM\PACK\ARM\CMSIS\4.3.0\CMSIS\Include
  C:\Keil_v5\ARM\PACK\Nuvoton\NuMicro_DFP\1.0.7\Device\NANO100BN\Driver
  C:\Keil_v5\ARM\PACK\Nuvoton\NuMicro_DFP\1.0.7\Device\NANO100BN\Include

<h2>Collection of Component Files used:</h2>

   * Component: ARM::CMSIS:CORE:4.1.0

   * Component: Nuvoton::Device:Startup:3.01.000
      Source file:   Device\NANO100BN\Source\ARM\startup_Nano100Series.s
      Include file:  Device\NANO100BN\Include\Nano100Series.h
      Source file:   Device\NANO100BN\Source\system_Nano100Series.c
      Source file:   Device\NANO100BN\Driver\retarget.c

   * Component: Nuvoton::Device:Driver:UART:3.01.000
      Source file:   Device\NANO100BN\Driver\uart.c
      Include file:  Device\NANO100BN\Driver\uart.h

   * Component: Nuvoton::Device:Driver:SYS:3.01.000
      Include file:  Device\NANO100BN\Driver\sys.h
      Source file:   Device\NANO100BN\Driver\sys.c
Build Time Elapsed:  00:00:06
</pre>
</body>
</html>
