Component: ARM Compiler 5.06 (build 20) Tool: armlink [4d35a3]

==============================================================================

Section Cross References

    main.o(i.init_HCLK) refers to clk.o(i.CLK_EnableXtalRC) for CLK_EnableXtalRC
    main.o(i.init_HCLK) refers to clk.o(i.CLK_WaitClockReady) for CLK_WaitClockReady
    main.o(i.init_HCLK) refers to clk.o(i.CLK_SetHCLK) for CLK_SetHCLK
    main.o(i.main) refers to port.o(i.vPortEnterCritical) for vPortEnterCritical
    main.o(i.main) refers to main.o(i.init_HCLK) for init_HCLK
    main.o(i.main) refers to uart1.o(i.init_UART0) for init_UART0
    main.o(i.main) refers to utility.o(i.delay_init) for delay_init
    main.o(i.main) refers to queue.o(i.xQueueGenericCreate) for xQueueGenericCreate
    main.o(i.main) refers to noretval__2printf.o(.text) for __2printf
    main.o(i.main) refers to main.o(i.taskCreate) for taskCreate
    main.o(i.main) refers to main.o(i.timerInit) for timerInit
    main.o(i.main) refers to fifo.o(i.FifoInit) for FifoInit
    main.o(i.main) refers to port.o(i.vPortExitCritical) for vPortExitCritical
    main.o(i.main) refers to tasks.o(i.vTaskStartScheduler) for vTaskStartScheduler
    main.o(i.main) refers to main.o(.data) for stackQueueHandle
    main.o(i.main) refers to main.o(.bss) for uartFifoBuffer
    main.o(i.parserTimerCb) refers to fifo.o(i.IsFifoEmpty) for IsFifoEmpty
    main.o(i.parserTimerCb) refers to fifo.o(i.FifoFlush) for FifoFlush
    main.o(i.parserTimerCb) refers to main.o(.bss) for fifoBuffer
    main.o(i.peripheralTask) refers to queue.o(i.uxQueueMessagesWaiting) for uxQueueMessagesWaiting
    main.o(i.peripheralTask) refers to queue.o(i.xQueuePeek) for xQueuePeek
    main.o(i.peripheralTask) refers to queue.o(i.xQueueReceive) for xQueueReceive
    main.o(i.peripheralTask) refers to utility.o(i.osFree) for osFree
    main.o(i.peripheralTask) refers to main.o(.data) for stackQueueHandle
    main.o(i.stateCheckTimerCb) refers to uart1.o(i.uart0Send) for uart0Send
    main.o(i.stateCheckTimerCb) refers to main.o(.data) for count
    main.o(i.taskCreate) refers to tasks.o(i.xTaskCreate) for xTaskCreate
    main.o(i.taskCreate) refers to main.o(i.mainTask) for mainTask
    main.o(i.timerInit) refers to timers.o(i.xTimerCreate) for xTimerCreate
    main.o(i.timerInit) refers to noretval__2printf.o(.text) for __2printf
    main.o(i.timerInit) refers to tasks.o(i.xTaskGetTickCount) for xTaskGetTickCount
    main.o(i.timerInit) refers to timers.o(i.xTimerGenericCommand) for xTimerGenericCommand
    main.o(i.timerInit) refers to main.o(i.stateCheckTimerCb) for stateCheckTimerCb
    main.o(i.timerInit) refers to main.o(.data) for stateCheckTimerHandle
    main.o(i.uartParser) refers to fifo.o(i.IsFifoEmpty) for IsFifoEmpty
    main.o(i.uartParser) refers to fifo.o(i.FifoFlush) for FifoFlush
    main.o(i.uartParser) refers to fifo.o(i.IsFifoFull) for IsFifoFull
    main.o(i.uartParser) refers to fifo.o(i.FifoPush) for FifoPush
    main.o(i.uartParser) refers to fifo.o(i.FifoCount) for FifoCount
    main.o(i.uartParser) refers to fifo.o(i.FifoPrePop) for FifoPrePop
    main.o(i.uartParser) refers to fifo.o(i.FifoPop) for FifoPop
    main.o(i.uartParser) refers to main.o(.bss) for fifoBuffer
    utility.o(i.delayMs) refers to utility.o(.data) for fac_ms
    utility.o(i.delayUs) refers to utility.o(.data) for fac_us
    utility.o(i.delay_init) refers to _printf_percent.o(.ARM.Collect$$_printf_percent$$00000000) for _printf_percent
    utility.o(i.delay_init) refers to _printf_d.o(.ARM.Collect$$_printf_percent$$00000009) for _printf_d
    utility.o(i.delay_init) refers to _printf_dec.o(.text) for _printf_int_dec
    utility.o(i.delay_init) refers to aeabi_sdiv.o(.text) for __aeabi_uidivmod
    utility.o(i.delay_init) refers to utility.o(i.NVIC_SetPriority) for NVIC_SetPriority
    utility.o(i.delay_init) refers to noretval__2printf.o(.text) for __2printf
    utility.o(i.delay_init) refers to system_nano100series.o(.data) for SystemCoreClock
    utility.o(i.delay_init) refers to utility.o(.data) for fac_us
    utility.o(i.osFree) refers to heap_4.o(i.vPortFree) for vPortFree
    utility.o(i.osMalloc) refers to heap_4.o(i.pvPortMalloc) for pvPortMalloc
    utility.o(i.osMalloc) refers to rt_memclr.o(.text) for __aeabi_memclr
    utility.o(i.osMessageSend) refers to utility.o(i.osMalloc) for osMalloc
    utility.o(i.osMessageSend) refers to queue.o(i.xQueueGenericSend) for xQueueGenericSend
    utility.o(i.osMessageSend) refers to main.o(.data) for stackQueueHandle
    fifo.o(i.FifoNext) refers to aeabi_sdiv.o(.text) for __aeabi_idivmod
    fifo.o(i.FifoPop) refers to fifo.o(i.FifoNext) for FifoNext
    fifo.o(i.FifoPrePop) refers to fifo.o(i.FifoNext) for FifoNext
    fifo.o(i.FifoPush) refers to fifo.o(i.FifoNext) for FifoNext
    fifo.o(i.IsFifoFull) refers to fifo.o(i.FifoNext) for FifoNext
    uart1.o(i.init_UART0) refers to uart1.o(i.SYS_UnlockReg) for SYS_UnlockReg
[...]
    Removing sys.o(i.SYS_ReadPDID), (8 bytes).
    Removing sys.o(i.SYS_ResetCPU), (18 bytes).
    Removing sys.o(i.SYS_ResetChip), (18 bytes).
    Removing sys.o(i.SYS_ResetModule), (48 bytes).
    Removing timer.o(.rev16_text), (4 bytes).
    Removing timer.o(.revsh_text), (4 bytes).
    Removing timer.o(i.TIMER_Close), (8 bytes).
    Removing timer.o(i.TIMER_Delay), (180 bytes).
    Removing timer.o(i.TIMER_DisableCapture), (12 bytes).
    Removing timer.o(i.TIMER_DisableEventCounter), (12 bytes).
    Removing timer.o(i.TIMER_DisableFreqCounter), (12 bytes).
    Removing timer.o(i.TIMER_EnableCapture), (24 bytes).
    Removing timer.o(i.TIMER_EnableEventCounter), (22 bytes).
    Removing timer.o(i.TIMER_EnableFreqCounter), (60 bytes).
    Removing timer.o(i.TIMER_GetModuleClock), (128 bytes).
    Removing timer.o(i.TIMER_Open), (102 bytes).
    Removing timer.o(i.TIMER_SetTriggerSource), (14 bytes).
    Removing timer.o(i.TIMER_SetTriggerTarget), (14 bytes).
    Removing timer.o(.constdata), (16 bytes).
    Removing uart.o(.rev16_text), (4 bytes).
    Removing uart.o(.revsh_text), (4 bytes).
    Removing uart.o(i.UART_ClearIntFlag), (112 bytes).
    Removing uart.o(i.UART_Close), (6 bytes).
    Removing uart.o(i.UART_DisableFlowCtrl), (10 bytes).
    Removing uart.o(i.UART_DisableInt), (8 bytes).
    Removing uart.o(i.UART_EnableFlowCtrl), (24 bytes).
    Removing uart.o(i.UART_EnableInt), (8 bytes).
    Removing uart.o(i.UART_Read), (52 bytes).
    Removing uart.o(i.UART_SelectIrDAMode), (164 bytes).
    Removing uart.o(i.UART_SelectLINMode), (34 bytes).
    Removing uart.o(i.UART_SelectRS485Mode), (22 bytes).
    Removing uart.o(i.UART_SetLine_Config), (164 bytes).
    Removing uart.o(i.UART_SetTimeoutCnt), (20 bytes).
    Removing uart.o(i.UART_Write), (54 bytes).
    Removing retarget.o(.rev16_text), (4 bytes).
    Removing retarget.o(.revsh_text), (4 bytes).
    Removing retarget.o(i.GetChar), (28 bytes).
    Removing retarget.o(i.IsDebugFifoEmpty), (20 bytes).
    Removing retarget.o(i._ttywrch), (12 bytes).
    Removing retarget.o(i.fgetc), (10 bytes).
    Removing retarget.o(i.kbhit), (16 bytes).
    Removing system_nano100series.o(.rev16_text), (4 bytes).
    Removing system_nano100series.o(.revsh_text), (4 bytes).
    Removing timer.o(i.__ARM_common_ll_muluu), (48 bytes).

215 unused section(s) (total 13748 bytes) removed from the image.

==============================================================================

Image Symbol Table

    Local Symbols

    Symbol Name                              Value     Ov Type        Size  Object(Section)

    RESET                                    0x00000000   Section      192  startup_nano100series.o(RESET)
    ../clib/angel/boardlib.s                 0x00000000   Number         0  boardinit1.o ABSOLUTE
    ../clib/angel/boardlib.s                 0x00000000   Number         0  boardshut.o ABSOLUTE
    ../clib/angel/boardlib.s                 0x00000000   Number         0  boardinit2.o ABSOLUTE
    ../clib/angel/boardlib.s                 0x00000000   Number         0  boardinit3.o ABSOLUTE
    ../clib/angel/handlers.s                 0x00000000   Number         0  __scatter_copy.o ABSOLUTE
    ../clib/angel/handlers.s                 0x00000000   Number         0  __scatter_zi.o ABSOLUTE
    ../clib/angel/kernel.s                   0x00000000   Number         0  rtexit2.o ABSOLUTE
    ../clib/angel/kernel.s                   0x00000000   Number         0  __rtentry2.o ABSOLUTE
    ../clib/angel/kernel.s                   0x00000000   Number         0  rtexit.o ABSOLUTE
    ../clib/angel/kernel.s                   0x00000000   Number         0  __rtentry4.o ABSOLUTE
    ../clib/angel/kernel.s                   0x00000000   Number         0  __rtentry.o ABSOLUTE
    ../clib/angel/rt.s                       0x00000000   Number         0  aeabi_ldiv0_sigfpe.o ABSOLUTE
    ../clib/angel/rt.s                       0x00000000   Number         0  rt_raise.o ABSOLUTE
    ../clib/angel/rt.s                       0x00000000   Number         0  aeabi_ldiv0.o ABSOLUTE
    ../clib/angel/rt.s                       0x00000000   Number         0  rt_div0.o ABSOLUTE
    ../clib/angel/rt.s                       0x00000000   Number         0  aeabi_idiv0_sigfpe.o ABSOLUTE
    ../clib/angel/rt.s                       0x00000000   Number         0  aeabi_idiv0.o ABSOLUTE
    ../clib/angel/scatterp.s                 0x00000000   Number         0  __scatter.o ABSOLUTE
    ../clib/angel/startup.s                  0x00000000   Number         0  __main.o ABSOLUTE
    ../clib/angel/sys.s                      0x00000000   Number         0  sys_stackheap_outer.o ABSOLUTE
    ../clib/angel/sys.s                      0x00000000   Number         0  libspace.o ABSOLUTE
    ../clib/angel/sys.s                      0x00000000   Number         0  use_no_semi.o ABSOLUTE
    ../clib/angel/sys.s                      0x00000000   Number         0  indicate_semi.o ABSOLUTE
    ../clib/angel/sys.s                      0x00000000   Number         0  tempstk.o ABSOLUTE
    ../clib/angel/sysapp.c                   0x00000000   Number         0  sys_command.o ABSOLUTE
    ../clib/angel/sysapp.c                   0x00000000   Number         0  sys_exit.o ABSOLUTE
    ../clib/armsys.c                         0x00000000   Number         0  argv_veneer.o ABSOLUTE
    ../clib/armsys.c                         0x00000000   Number         0  _get_argv_nomalloc.o ABSOLUTE
    ../clib/armsys.c                         0x00000000   Number         0  no_argv.o ABSOLUTE
    ../clib/division.c                       0x00000000   Number         0  lludiv.o ABSOLUTE
    ../clib/division.c                       0x00000000   Number         0  llsdiv.o ABSOLUTE
    ../clib/division.c                       0x00000000   Number         0  rtudiv10.o ABSOLUTE
    ../clib/division.s                       0x00000000   Number         0  aeabi_sdiv_div0.o ABSOLUTE
    ../clib/division.s                       0x00000000   Number         0  aeabi_sdiv.o ABSOLUTE
    ../clib/heapalloc.c                      0x00000000   Number         0  hrguard.o ABSOLUTE
    ../clib/heapaux.c                        0x00000000   Number         0  heapauxi.o ABSOLUTE
    ../clib/libinit.s                        0x00000000   Number         0  libinit.o ABSOLUTE
    ../clib/libinit.s                        0x00000000   Number         0  libshutdown2.o ABSOLUTE
    ../clib/libinit.s                        0x00000000   Number         0  libshutdown.o ABSOLUTE
    ../clib/libinit.s                        0x00000000   Number         0  libinit2.o ABSOLUTE
    ../clib/memcpset.c                       0x00000000   Number         0  memset.o ABSOLUTE
    ../clib/memcpset.c                       0x00000000   Number         0  rt_memcpy.o ABSOLUTE
    ../clib/memcpset.c                       0x00000000   Number         0  rt_memcpy.o ABSOLUTE
    ../clib/memcpset.c                       0x00000000   Number         0  rt_memclr.o ABSOLUTE
    ../clib/memcpset.c                       0x00000000   Number         0  aeabi_memset.o ABSOLUTE
    ../clib/misc.s                           0x00000000   Number         0  printf_stubs.o ABSOLUTE
    ../clib/printf.c                         0x00000000   Number         0  __printf.o ABSOLUTE
    ../clib/printf.c                         0x00000000   Number         0  noretval__2printf.o ABSOLUTE
    ../clib/printf.c                         0x00000000   Number         0  __printf_ss.o ABSOLUTE
    ../clib/printf.c                         0x00000000   Number         0  _printf_char_common.o ABSOLUTE
    ../clib/printf.c                         0x00000000   Number         0  __printf_nopercent.o ABSOLUTE
    ../clib/printf.c                         0x00000000   Number         0  __printf_ss_wp.o ABSOLUTE
    ../clib/printf.c                         0x00000000   Number         0  __printf_flags_wp.o ABSOLUTE
    ../clib/printf.c                         0x00000000   Number         0  __printf_wp.o ABSOLUTE
    ../clib/printf.c                         0x00000000   Number         0  _printf_char_file.o ABSOLUTE
    ../clib/printf.c                         0x00000000   Number         0  _printf_intcommon.o ABSOLUTE
    ../clib/printf.c                         0x00000000   Number         0  __2printf.o ABSOLUTE
    ../clib/printf.c                         0x00000000   Number         0  __printf_flags_ss.o ABSOLUTE
    ../clib/printf.c                         0x00000000   Number         0  __printf_flags.o ABSOLUTE
    ../clib/printf.c                         0x00000000   Number         0  _printf_hex_int_ll_ptr.o ABSOLUTE
    ../clib/printf.c                         0x00000000   Number         0  _printf_hex_int_ptr.o ABSOLUTE
    ../clib/printf.c                         0x00000000   Number         0  _printf_hex_ptr.o ABSOLUTE
    ../clib/printf.c                         0x00000000   Number         0  __printf_flags_ss_wp.o ABSOLUTE
    ../clib/printf.c                         0x00000000   Number         0  _printf_hex_int_ll.o ABSOLUTE
    ../clib/printf.c                         0x00000000   Number         0  _printf_hex_int.o ABSOLUTE
    ../clib/printf.c                         0x00000000   Number         0  _printf_hex_ll.o ABSOLUTE
    ../clib/printf.c                         0x00000000   Number         0  _printf_hex_ll_ptr.o ABSOLUTE
    ../clib/printf.c                         0x00000000   Number         0  _printf_dec.o ABSOLUTE
    ../clib/printf_percent.s                 0x00000000   Number         0  _printf_percent_end.o ABSOLUTE
    ../clib/printf_percent.s                 0x00000000   Number         0  _printf_x.o ABSOLUTE
    ../clib/printf_percent.s                 0x00000000   Number         0  _printf_d.o ABSOLUTE
    ../clib/printf_percent.s                 0x00000000   Number         0  _printf_percent.o ABSOLUTE
    ../clib/signal.c                         0x00000000   Number         0  defsig_cppl_inner.o ABSOLUTE
    ../clib/signal.c                         0x00000000   Number         0  defsig_pvfn_inner.o ABSOLUTE
    ../clib/signal.c                         0x00000000   Number         0  defsig_stak_inner.o ABSOLUTE
    ../clib/signal.c                         0x00000000   Number         0  defsig_rtmem_formal.o ABSOLUTE
    ../clib/signal.c                         0x00000000   Number         0  defsig_fpe_outer.o ABSOLUTE
    ../clib/signal.c                         0x00000000   Number         0  defsig_rtmem_inner.o ABSOLUTE
    ../clib/signal.c                         0x00000000   Number         0  defsig_rtred_inner.o ABSOLUTE
    ../clib/signal.c                         0x00000000   Number         0  defsig_general.o ABSOLUTE
    ../clib/signal.c                         0x00000000   Number         0  defsig_abrt_inner.o ABSOLUTE
    ../clib/signal.c                         0x00000000   Number         0  __raise.o ABSOLUTE
    ../clib/signal.c                         0x00000000   Number         0  defsig_fpe_inner.o ABSOLUTE
    ../clib/signal.c                         0x00000000   Number         0  defsig_exit.o ABSOLUTE
    ../clib/signal.c                         0x00000000   Number         0  defsig_fpe_formal.o ABSOLUTE
    ../clib/signal.c                         0x00000000   Number         0  defsig_other.o ABSOLUTE
    ../clib/signal.c                         0x00000000   Number         0  defsig_segv_inner.o ABSOLUTE
    ../clib/signal.c                         0x00000000   Number         0  defsig_rtmem_outer.o ABSOLUTE
    ../clib/signal.s                         0x00000000   Number         0  defsig.o ABSOLUTE
    ../clib/stdlib.c                         0x00000000   Number         0  exit.o ABSOLUTE
    ../fplib/cfplib/fpinit.c                 0x00000000   Number         0  fpinit.o ABSOLUTE
    C:\Keil_v5\ARM\PACK\Nuvoton\NuMicro_DFP\1.0.7\Device\NANO100BN\Driver\clk.c 0x00000000   Number         0  clk.o ABSOLUTE
    C:\Keil_v5\ARM\PACK\Nuvoton\NuMicro_DFP\1.0.7\Device\NANO100BN\Driver\gpio.c 0x00000000   Number         0  gpio.o ABSOLUTE
    C:\Keil_v5\ARM\PACK\Nuvoton\NuMicro_DFP\1.0.7\Device\NANO100BN\Driver\sys.c 0x00000000   Number         0  sys.o ABSOLUTE
    C:\Keil_v5\ARM\PACK\Nuvoton\NuMicro_DFP\1.0.7\Device\NANO100BN\Driver\timer.c 0x00000000   Number         0  timer.o ABSOLUTE
    C:\Keil_v5\ARM\PACK\Nuvoton\NuMicro_DFP\1.0.7\Device\NANO100BN\Driver\uart.c 0x00000000   Number         0  uart.o ABSOLUTE
    C:\\Keil_v5\\ARM\\PACK\\Nuvoton\\NuMicro_DFP\\1.0.7\\Device\\NANO100BN\\Driver\\clk.c 0x00000000   Number         0  clk.o ABSOLUTE
    C:\\Keil_v5\\ARM\\PACK\\Nuvoton\\NuMicro_DFP\\1.0.7\\Device\\NANO100BN\\Driver\\gpio.c 0x00000000   Number         0  gpio.o ABSOLUTE
    C:\\Keil_v5\\ARM\\PACK\\Nuvoton\\NuMicro_DFP\\1.0.7\\Device\\NANO100BN\\Driver\\sys.c 0x00000000   Number         0  sys.o ABSOLUTE
    C:\\Keil_v5\\ARM\\PACK\\Nuvoton\\NuMicro_DFP\\1.0.7\\Device\\NANO100BN\\Driver\\timer.c 0x00000000   Number         0  timer.o ABSOLUTE
    C:\\Keil_v5\\ARM\\PACK\\Nuvoton\\NuMicro_DFP\\1.0.7\\Device\\NANO100BN\\Driver\\uart.c 0x00000000   Number         0  uart.o ABSOLUTE
    FreeRTOS\\port\\RVDS\\ARM_CM0\\port.c    0x00000000   Number         0  port.o ABSOLUTE
    FreeRTOS\port\MemMang\heap_4.c           0x00000000   Number         0  heap_4.o ABSOLUTE
    FreeRTOS\port\RVDS\ARM_CM0\port.c        0x00000000   Number         0  port.o ABSOLUTE
    FreeRTOS\src\croutine.c                  0x00000000   Number         0  croutine.o ABSOLUTE
    FreeRTOS\src\event_groups.c              0x00000000   Number         0  event_groups.o ABSOLUTE
    FreeRTOS\src\list.c                      0x00000000   Number         0  list.o ABSOLUTE
    FreeRTOS\src\queue.c                     0x00000000   Number         0  queue.o ABSOLUTE
    FreeRTOS\src\stream_buffer.c             0x00000000   Number         0  stream_buffer.o ABSOLUTE
    FreeRTOS\src\tasks.c                     0x00000000   Number         0  tasks.o ABSOLUTE
    FreeRTOS\src\timers.c                    0x00000000   Number         0  timers.o ABSOLUTE
    RTE\Device\NANO130KE3BN\retarget.c       0x00000000   Number         0  retarget.o ABSOLUTE
    RTE\Device\NANO130KE3BN\startup_Nano100Series.s 0x00000000   Number         0  startup_nano100series.o ABSOLUTE
    RTE\Device\NANO130KE3BN\system_Nano100Series.c 0x00000000   Number         0  system_nano100series.o ABSOLUTE
    RTE\\Device\\NANO130KE3BN\\retarget.c    0x00000000   Number         0  retarget.o ABSOLUTE
    RTE\\Device\\NANO130KE3BN\\system_Nano100Series.c 0x00000000   Number         0  system_nano100series.o ABSOLUTE
    dc.s                                     0x00000000   Number         0  dc.o ABSOLUTE
    src\\main.c                              0x00000000   Number         0  main.o ABSOLUTE
    src\\uart1.c                             0x00000000   Number         0  uart1.o ABSOLUTE
    src\\utility.c                           0x00000000   Number         0  utility.o ABSOLUTE
    src\fifo.c                               0x00000000   Number         0  fifo.o ABSOLUTE
    src\lcd.c                                0x00000000   Number         0  lcd.o ABSOLUTE
    src\main.c                               0x00000000   Number         0  main.o ABSOLUTE
    src\rgb.c                                0x00000000   Number         0  rgb.o ABSOLUTE
    src\uart1.c                              0x00000000   Number         0  uart1.o ABSOLUTE
    src\utility.c                            0x00000000   Number         0  utility.o ABSOLUTE
    !!!main                                  0x000000c0   Section        8  __main.o(!!!main)
    !!!scatter                               0x000000c8   Section       60  __scatter.o(!!!scatter)
    !!handler_copy                           0x00000104   Section       26  __scatter_copy.o(!!handler_copy)
    !!handler_zi                             0x00000120   Section       28  __scatter_zi.o(!!handler_zi)
    .ARM.Collect$$_printf_percent$$00000000  0x0000013c   Section        2  _printf_percent.o(.ARM.Collect$$_printf_percent$$00000000)
    .ARM.Collect$$_printf_percent$$00000009  0x0000013e   Section       10  _printf_d.o(.ARM.Collect$$_printf_percent$$00000009)
    .ARM.Collect$$_printf_percent$$0000000C  0x00000148   Section       10  _printf_x.o(.ARM.Collect$$_printf_percent$$0000000C)
    .ARM.Collect$$_printf_percent$$00000017  0x00000152   Section        4  _printf_percent_end.o(.ARM.Collect$$_printf_percent$$00000017)
    .ARM.Collect$$libinit$$00000000          0x00000156   Section        2  libinit.o(.ARM.Collect$$libinit$$00000000)
    .ARM.Collect$$libinit$$00000002          0x00000158   Section        0  libinit2.o(.ARM.Collect$$libinit$$00000002)
    .ARM.Collect$$libinit$$00000004          0x00000158   Section        0  libinit2.o(.ARM.Collect$$libinit$$00000004)
    .ARM.Collect$$libinit$$0000000A          0x00000158   Section        0  libinit2.o(.ARM.Collect$$libinit$$0000000A)
    .ARM.Collect$$libinit$$0000000C          0x00000158   Section        0  libinit2.o(.ARM.Collect$$libinit$$0000000C)
    .ARM.Collect$$libinit$$0000000E          0x00000158   Section        0  libinit2.o(.ARM.Collect$$libinit$$0000000E)
    .ARM.Collect$$libinit$$00000011          0x00000158   Section        0  libinit2.o(.ARM.Collect$$libinit$$00000011)
    .ARM.Collect$$libinit$$00000013          0x00000158   Section        0  libinit2.o(.ARM.Collect$$libinit$$00000013)
    .ARM.Collect$$libinit$$00000015          0x00000158   Section        0  libinit2.o(.ARM.Collect$$libinit$$00000015)
    .ARM.Collect$$libinit$$00000017          0x00000158   Section        0  libinit2.o(.ARM.Collect$$libinit$$00000017)
    .ARM.Collect$$libinit$$00000019          0x00000158   Section        0  libinit2.o(.ARM.Collect$$libinit$$00000019)
    .ARM.Collect$$libinit$$0000001B          0x00000158   Section        0  libinit2.o(.ARM.Collect$$libinit$$0000001B)
    .ARM.Collect$$libinit$$0000001D          0x00000158   Section        0  libinit2.o(.ARM.Collect$$libinit$$0000001D)
    .ARM.Collect$$libinit$$0000001F          0x00000158   Section        0  libinit2.o(.ARM.Collect$$libinit$$0000001F)
    .ARM.Collect$$libinit$$00000021          0x00000158   Section        0  libinit2.o(.ARM.Collect$$libinit$$00000021)
    .ARM.Collect$$libinit$$00000023          0x00000158   Section        0  libinit2.o(.ARM.Collect$$libinit$$00000023)
    .ARM.Collect$$libinit$$00000025          0x00000158   Section        0  libinit2.o(.ARM.Collect$$libinit$$00000025)
    .ARM.Collect$$libinit$$0000002C          0x00000158   Section        0  libinit2.o(.ARM.Collect$$libinit$$0000002C)
    .ARM.Collect$$libinit$$0000002E          0x00000158   Section        0  libinit2.o(.ARM.Collect$$libinit$$0000002E)
    .ARM.Collect$$libinit$$00000030          0x00000158   Section        0  libinit2.o(.ARM.Collect$$libinit$$00000030)
    .ARM.Collect$$libinit$$00000032          0x00000158   Section        0  libinit2.o(.ARM.Collect$$libinit$$00000032)
    .ARM.Collect$$libinit$$00000033          0x00000158   Section        2  libinit2.o(.ARM.Collect$$libinit$$00000033)
    .ARM.Collect$$libshutdown$$00000000      0x0000015a   Section        2  libshutdown.o(.ARM.Collect$$libshutdown$$00000000)
    .ARM.Collect$$libshutdown$$00000002      0x0000015c   Section        0  libshutdown2.o(.ARM.Collect$$libshutdown$$00000002)
    .ARM.Collect$$libshutdown$$00000004      0x0000015c   Section        0  libshutdown2.o(.ARM.Collect$$libshutdown$$00000004)
    .ARM.Collect$$libshutdown$$00000007      0x0000015c   Section        0  libshutdown2.o(.ARM.Collect$$libshutdown$$00000007)
    .ARM.Collect$$libshutdown$$0000000A      0x0000015c   Section        0  libshutdown2.o(.ARM.Collect$$libshutdown$$0000000A)
    .ARM.Collect$$libshutdown$$0000000C      0x0000015c   Section        0  libshutdown2.o(.ARM.Collect$$libshutdown$$0000000C)
    .ARM.Collect$$libshutdown$$0000000F      0x0000015c   Section        0  libshutdown2.o(.ARM.Collect$$libshutdown$$0000000F)
    .ARM.Collect$$libshutdown$$00000010      0x0000015c   Section        2  libshutdown2.o(.ARM.Collect$$libshutdown$$00000010)
    .ARM.Collect$$rtentry$$00000000          0x0000015e   Section        0  __rtentry.o(.ARM.Collect$$rtentry$$00000000)
    .ARM.Collect$$rtentry$$00000002          0x0000015e   Section        0  __rtentry2.o(.ARM.Collect$$rtentry$$00000002)
    .ARM.Collect$$rtentry$$00000004          0x0000015e   Section        6  __rtentry4.o(.ARM.Collect$$rtentry$$00000004)
    .ARM.Collect$$rtentry$$00000009          0x00000164   Section        0  __rtentry2.o(.ARM.Collect$$rtentry$$00000009)
    .ARM.Collect$$rtentry$$0000000A          0x00000164   Section        4  __rtentry2.o(.ARM.Collect$$rtentry$$0000000A)
    .ARM.Collect$$rtentry$$0000000C          0x00000168   Section        0  __rtentry2.o(.ARM.Collect$$rtentry$$0000000C)
    .ARM.Collect$$rtentry$$0000000D          0x00000168   Section        8  __rtentry2.o(.ARM.Collect$$rtentry$$0000000D)
    .ARM.Collect$$rtexit$$00000000           0x00000170   Section        2  rtexit.o(.ARM.Collect$$rtexit$$00000000)
    .ARM.Collect$$rtexit$$00000002           0x00000172   Section        0  rtexit2.o(.ARM.Collect$$rtexit$$00000002)
    .ARM.Collect$$rtexit$$00000003           0x00000172   Section        4  rtexit2.o(.ARM.Collect$$rtexit$$00000003)
    .ARM.Collect$$rtexit$$00000004           0x00000176   Section        6  rtexit2.o(.ARM.Collect$$rtexit$$00000004)
    .emb_text                                0x0000017c   Section      120  port.o(.emb_text)
    .emb_text                                0x000001f4   Section       28  retarget.o(.emb_text)
    .emb_text                                0x00000210   Section       56  rt_memcpy.o(.emb_text)
    .text                                    0x00000248   Section       96  startup_nano100series.o(.text)
    .text                                    0x000002a8   Section        0  noretval__2printf.o(.text)
    .text                                    0x000002c4   Section        0  _printf_dec.o(.text)
    .text                                    0x00000330   Section        0  _printf_hex_int.o(.text)
    .text                                    0x00000388   Section        0  __printf_wp.o(.text)
    .text                                    0x00000496   Section        0  rt_memcpy.o(.text)
    .text                                    0x00000518   Section        0  aeabi_memset.o(.text)
    .text                                    0x0000052a   Section        0  rt_memclr.o(.text)
    .text                                    0x0000056a   Section      346  aeabi_sdiv.o(.text)
    .text                                    0x000006c4   Section        0  heapauxi.o(.text)
    .text                                    0x000006ca   Section        0  _printf_intcommon.o(.text)
    .text                                    0x0000077c   Section        0  _printf_char_file.o(.text)
    .text                                    0x000007a4   Section        0  rtudiv10.o(.text)
    .text                                    0x000007cc   Section        0  _printf_char_common.o(.text)
    _printf_input_char                       0x000007cd   Thumb Code    10  _printf_char_common.o(.text)
    .text                                    0x000007fc   Section       62  sys_stackheap_outer.o(.text)
    .text                                    0x0000083a   Section        0  exit.o(.text)
    .text                                    0x0000084c   Section        8  libspace.o(.text)
    .text                                    0x00000854   Section        0  sys_exit.o(.text)
    .text                                    0x00000860   Section        2  use_no_semi.o(.text)
    .text                                    0x00000862   Section        0  indicate_semi.o(.text)
    i.CLK_EnableModuleClock                  0x00000864   Section        0  clk.o(i.CLK_EnableModuleClock)
    i.CLK_EnableXtalRC                       0x00000888   Section        0  clk.o(i.CLK_EnableXtalRC)
    i.CLK_SetHCLK                            0x000008d4   Section        0  clk.o(i.CLK_SetHCLK)
    i.CLK_SetModuleClock                     0x00000938   Section        0  clk.o(i.CLK_SetModuleClock)
    i.CLK_WaitClockReady                     0x0000099c   Section        0  clk.o(i.CLK_WaitClockReady)
    i.FifoInit                               0x000009c4   Section        0  fifo.o(i.FifoInit)
    i.Hard_Fault_Handler                     0x000009d0   Section        0  retarget.o(i.Hard_Fault_Handler)
    __tagsym$$used                           0x000009d1   Number         0  retarget.o(i.Hard_Fault_Handler)
    i.NVIC_EnableIRQ                         0x000009fc   Section        0  uart1.o(i.NVIC_EnableIRQ)
    NVIC_EnableIRQ                           0x000009fd   Thumb Code    14  uart1.o(i.NVIC_EnableIRQ)
    i.NVIC_SetPriority                       0x00000a10   Section        0  utility.o(i.NVIC_SetPriority)
    NVIC_SetPriority                         0x00000a11   Thumb Code   110  utility.o(i.NVIC_SetPriority)
    i.SVC_Handler                            0x00000a88   Section        0  port.o(i.SVC_Handler)
    i.SYS_UnlockReg                          0x00000a8c   Section        0  uart1.o(i.SYS_UnlockReg)
    SYS_UnlockReg                            0x00000a8d   Thumb Code    26  uart1.o(i.SYS_UnlockReg)
    i.SendChar                               0x00000aac   Section        0  retarget.o(i.SendChar)
    i.SendChar_ToUART                        0x00000ab8   Section        0  retarget.o(i.SendChar_ToUART)
    i.SysGet_HCLKFreq                        0x00000aec   Section        0  system_nano100series.o(i.SysGet_HCLKFreq)
    i.SysGet_PLLClockFreq                    0x00000b3c   Section        0  system_nano100series.o(i.SysGet_PLLClockFreq)
    i.SysTick_Handler                        0x00000bbc   Section        0  port.o(i.SysTick_Handler)
    i.SystemCoreClockUpdate                  0x00000be0   Section        0  system_nano100series.o(i.SystemCoreClockUpdate)
    i.UART0_IRQHandler                       0x00000c0c   Section        0  uart1.o(i.UART0_IRQHandler)
    i.UART1_IRQHandler                       0x00000c1c   Section        0  uart1.o(i.UART1_IRQHandler)
    i.UART_Open                              0x00000c2c   Section        0  uart.o(i.UART_Open)
    i.__ARM_common_switch8                   0x00000ccc   Section        0  tasks.o(i.__ARM_common_switch8)
    i._is_digit                              0x00000ce8   Section        0  __printf_wp.o(i._is_digit)
    i.delay_init                             0x00000cf8   Section        0  utility.o(i.delay_init)
    i.ferror                                 0x00000da8   Section        0  retarget.o(i.ferror)
    i.fputc                                  0x00000db0   Section        0  retarget.o(i.fputc)
    i.init_HCLK                              0x00000dc0   Section        0  main.o(i.init_HCLK)
    i.init_UART0                             0x00000e00   Section        0  uart1.o(i.init_UART0)
    i.main                                   0x00000e6c   Section        0  main.o(i.main)
    i.mainTask                               0x00000ef0   Section        0  main.o(i.mainTask)
    mainTask                                 0x00000ef1   Thumb Code    10  main.o(i.mainTask)
    i.prvAddCurrentTaskToDelayedList         0x00000efc   Section        0  tasks.o(i.prvAddCurrentTaskToDelayedList)
    prvAddCurrentTaskToDelayedList           0x00000efd   Thumb Code   140  tasks.o(i.prvAddCurrentTaskToDelayedList)
    i.prvAddNewTaskToReadyList               0x00000fa0   Section        0  tasks.o(i.prvAddNewTaskToReadyList)
    prvAddNewTaskToReadyList                 0x00000fa1   Thumb Code   190  tasks.o(i.prvAddNewTaskToReadyList)
    i.prvCheckForValidListAndQueue           0x00001078   Section        0  timers.o(i.prvCheckForValidListAndQueue)
    prvCheckForValidListAndQueue             0x00001079   Thumb Code    76  timers.o(i.prvCheckForValidListAndQueue)
    i.prvCheckTasksWaitingTermination        0x000010e0   Section        0  tasks.o(i.prvCheckTasksWaitingTermination)
    prvCheckTasksWaitingTermination          0x000010e1   Thumb Code    60  tasks.o(i.prvCheckTasksWaitingTermination)
    i.prvCopyDataFromQueue                   0x00001128   Section        0  queue.o(i.prvCopyDataFromQueue)
    prvCopyDataFromQueue                     0x00001129   Thumb Code    44  queue.o(i.prvCopyDataFromQueue)
    i.prvCopyDataToQueue                     0x00001154   Section        0  queue.o(i.prvCopyDataToQueue)
    prvCopyDataToQueue                       0x00001155   Thumb Code   128  queue.o(i.prvCopyDataToQueue)
    i.prvDeleteTCB                           0x000011d4   Section        0  tasks.o(i.prvDeleteTCB)
    prvDeleteTCB                             0x000011d5   Thumb Code    18  tasks.o(i.prvDeleteTCB)
    i.prvGetNextExpireTime                   0x000011e8   Section        0  timers.o(i.prvGetNextExpireTime)
    prvGetNextExpireTime                     0x000011e9   Thumb Code    40  timers.o(i.prvGetNextExpireTime)
    i.prvHeapInit                            0x00001214   Section        0  heap_4.o(i.prvHeapInit)
    prvHeapInit                              0x00001215   Thumb Code    98  heap_4.o(i.prvHeapInit)
    i.prvIdleTask                            0x00001294   Section        0  tasks.o(i.prvIdleTask)
    prvIdleTask                              0x00001295   Thumb Code    20  tasks.o(i.prvIdleTask)
    i.prvInitialiseNewQueue                  0x000012ac   Section        0  queue.o(i.prvInitialiseNewQueue)
    prvInitialiseNewQueue                    0x000012ad   Thumb Code    44  queue.o(i.prvInitialiseNewQueue)
    i.prvInitialiseNewTask                   0x000012d8   Section        0  tasks.o(i.prvInitialiseNewTask)
    prvInitialiseNewTask                     0x000012d9   Thumb Code   206  tasks.o(i.prvInitialiseNewTask)
    i.prvInitialiseNewTimer                  0x000013a6   Section        0  timers.o(i.prvInitialiseNewTimer)
    prvInitialiseNewTimer                    0x000013a7   Thumb Code    74  timers.o(i.prvInitialiseNewTimer)
    i.prvInitialiseTaskLists                 0x000013f0   Section        0  tasks.o(i.prvInitialiseTaskLists)
    prvInitialiseTaskLists                   0x000013f1   Thumb Code    68  tasks.o(i.prvInitialiseTaskLists)
    i.prvInsertBlockIntoFreeList             0x00001454   Section        0  heap_4.o(i.prvInsertBlockIntoFreeList)
    prvInsertBlockIntoFreeList               0x00001455   Thumb Code    96  heap_4.o(i.prvInsertBlockIntoFreeList)
    i.prvInsertTimerInActiveList             0x000014bc   Section        0  timers.o(i.prvInsertTimerInActiveList)
    prvInsertTimerInActiveList               0x000014bd   Thumb Code    76  timers.o(i.prvInsertTimerInActiveList)
    i.prvIsQueueEmpty                        0x00001510   Section        0  queue.o(i.prvIsQueueEmpty)
    prvIsQueueEmpty                          0x00001511   Thumb Code    28  queue.o(i.prvIsQueueEmpty)
    i.prvIsQueueFull                         0x0000152c   Section        0  queue.o(i.prvIsQueueFull)
    prvIsQueueFull                           0x0000152d   Thumb Code    30  queue.o(i.prvIsQueueFull)
    i.prvProcessExpiredTimer                 0x0000154c   Section        0  timers.o(i.prvProcessExpiredTimer)
    prvProcessExpiredTimer                   0x0000154d   Thumb Code    64  timers.o(i.prvProcessExpiredTimer)
    i.prvProcessReceivedCommands             0x00001590   Section        0  timers.o(i.prvProcessReceivedCommands)
    prvProcessReceivedCommands               0x00001591   Thumb Code   278  timers.o(i.prvProcessReceivedCommands)
    i.prvProcessTimerOrBlockTask             0x000016ac   Section        0  timers.o(i.prvProcessTimerOrBlockTask)
    prvProcessTimerOrBlockTask               0x000016ad   Thumb Code   100  timers.o(i.prvProcessTimerOrBlockTask)
    i.prvReloadTimer                         0x00001718   Section        0  timers.o(i.prvReloadTimer)
    prvReloadTimer                           0x00001719   Thumb Code    40  timers.o(i.prvReloadTimer)
    i.prvResetNextTaskUnblockTime            0x00001740   Section        0  tasks.o(i.prvResetNextTaskUnblockTime)
    prvResetNextTaskUnblockTime              0x00001741   Thumb Code    44  tasks.o(i.prvResetNextTaskUnblockTime)
    i.prvSampleTimeNow                       0x00001774   Section        0  timers.o(i.prvSampleTimeNow)
    prvSampleTimeNow                         0x00001775   Thumb Code    40  timers.o(i.prvSampleTimeNow)
    i.prvSwitchTimerLists                    0x000017a0   Section        0  timers.o(i.prvSwitchTimerLists)
    prvSwitchTimerLists                      0x000017a1   Thumb Code    60  timers.o(i.prvSwitchTimerLists)
    i.prvTaskExitError                       0x000017e4   Section        0  port.o(i.prvTaskExitError)
    prvTaskExitError                         0x000017e5   Thumb Code    32  port.o(i.prvTaskExitError)
    i.prvTimerTask                           0x00001808   Section        0  timers.o(i.prvTimerTask)
    prvTimerTask                             0x00001809   Thumb Code    26  timers.o(i.prvTimerTask)
    i.prvUnlockQueue                         0x00001822   Section        0  queue.o(i.prvUnlockQueue)
    prvUnlockQueue                           0x00001823   Thumb Code   142  queue.o(i.prvUnlockQueue)
    i.pvPortMalloc                           0x000018b0   Section        0  heap_4.o(i.pvPortMalloc)
    i.pxPortInitialiseStack                  0x000019f4   Section        0  port.o(i.pxPortInitialiseStack)
    i.stackDump                              0x00001a14   Section        0  retarget.o(i.stackDump)
    i.stateCheckTimerCb                      0x00001abc   Section        0  main.o(i.stateCheckTimerCb)
    stateCheckTimerCb                        0x00001abd   Thumb Code    26  main.o(i.stateCheckTimerCb)
    i.taskCreate                             0x00001adc   Section        0  main.o(i.taskCreate)
    i.timerInit                              0x00001b04   Section        0  main.o(i.timerInit)
    timerInit                                0x00001b05   Thumb Code    72  main.o(i.timerInit)
    i.uart0Send                              0x00001b8c   Section        0  uart1.o(i.uart0Send)
    i.uxListRemove                           0x00001bac   Section        0  list.o(i.uxListRemove)
    i.vListInitialise                        0x00001bd4   Section        0  list.o(i.vListInitialise)
    i.vListInitialiseItem                    0x00001bee   Section        0  list.o(i.vListInitialiseItem)
    i.vListInsert                            0x00001bf4   Section        0  list.o(i.vListInsert)
    i.vPortEnterCritical                     0x00001c2c   Section        0  port.o(i.vPortEnterCritical)
    i.vPortExitCritical                      0x00001c48   Section        0  port.o(i.vPortExitCritical)
    i.vPortFree                              0x00001c70   Section        0  heap_4.o(i.vPortFree)
    i.vPortSetupTimerInterrupt               0x00001d00   Section        0  port.o(i.vPortSetupTimerInterrupt)
    i.vPortYield                             0x00001d2c   Section        0  port.o(i.vPortYield)
    i.vQueueAddToRegistry                    0x00001d44   Section        0  queue.o(i.vQueueAddToRegistry)
    i.vQueueWaitForMessageRestricted         0x00001d98   Section        0  queue.o(i.vQueueWaitForMessageRestricted)
    i.vTaskInternalSetTimeOutState           0x00001de4   Section        0  tasks.o(i.vTaskInternalSetTimeOutState)
    i.vTaskMissedYield                       0x00001dfc   Section        0  tasks.o(i.vTaskMissedYield)
    i.vTaskPlaceOnEventList                  0x00001e08   Section        0  tasks.o(i.vTaskPlaceOnEventList)
    i.vTaskPlaceOnEventListRestricted        0x00001e34   Section        0  tasks.o(i.vTaskPlaceOnEventListRestricted)
    i.vTaskStartScheduler                    0x00001e8c   Section        0  tasks.o(i.vTaskStartScheduler)
    i.vTaskSuspendAll                        0x00001f0c   Section        0  tasks.o(i.vTaskSuspendAll)
    i.vTaskSwitchContext                     0x00001f1c   Section        0  tasks.o(i.vTaskSwitchContext)
    i.xPortStartScheduler                    0x00001f9c   Section        0  port.o(i.xPortStartScheduler)
    i.xQueueGenericCreate                    0x00001fd4   Section        0  queue.o(i.xQueueGenericCreate)
    i.xQueueGenericReset                     0x00002036   Section        0  queue.o(i.xQueueGenericReset)
    i.xQueueGenericSend                      0x000020ec   Section        0  queue.o(i.xQueueGenericSend)
    i.xQueueGenericSendFromISR               0x00002246   Section        0  queue.o(i.xQueueGenericSendFromISR)
    i.xQueueReceive                          0x00002310   Section        0  queue.o(i.xQueueReceive)
    i.xTaskCheckForTimeOut                   0x00002448   Section        0  tasks.o(i.xTaskCheckForTimeOut)
    i.xTaskCreate                            0x000024c0   Section        0  tasks.o(i.xTaskCreate)
    i.xTaskGetSchedulerState                 0x0000251c   Section        0  tasks.o(i.xTaskGetSchedulerState)
    i.xTaskGetTickCount                      0x00002540   Section        0  tasks.o(i.xTaskGetTickCount)
    i.xTaskIncrementTick                     0x0000254c   Section        0  tasks.o(i.xTaskIncrementTick)
    i.xTaskPriorityDisinherit                0x000026f4   Section        0  tasks.o(i.xTaskPriorityDisinherit)
    i.xTaskRemoveFromEventList               0x000027a8   Section        0  tasks.o(i.xTaskRemoveFromEventList)
    i.xTaskResumeAll                         0x000028b0   Section        0  tasks.o(i.xTaskResumeAll)
    i.xTimerCreate                           0x00002a0c   Section        0  timers.o(i.xTimerCreate)
    i.xTimerCreateTimerTask                  0x00002a40   Section        0  timers.o(i.xTimerCreateTimerTask)
    i.xTimerGenericCommand                   0x00002a88   Section        0  timers.o(i.xTimerGenericCommand)
    .constdata                               0x00002afc   Section       48  uart.o(.constdata)
    .constdata                               0x00002b2c   Section       40  _printf_hex_int.o(.constdata)
    uc_hextab                                0x00002b2c   Data          20  _printf_hex_int.o(.constdata)
    lc_hextab                                0x00002b40   Data          20  _printf_hex_int.o(.constdata)
    .data                                    0x20000000   Section       25  main.o(.data)
    events                                   0x20000000   Data           2  main.o(.data)
    count                                    0x20000014   Data           4  main.o(.data)
    count                                    0x20000018   Data           1  main.o(.data)
    .data                                    0x2000001a   Section        4  utility.o(.data)
    fac_us                                   0x2000001a   Data           1  utility.o(.data)
    fac_ms                                   0x2000001c   Data           2  utility.o(.data)
    .data                                    0x20000020   Section       64  tasks.o(.data)
    pxDelayedTaskList                        0x20000024   Data           4  tasks.o(.data)
    pxOverflowDelayedTaskList                0x20000028   Data           4  tasks.o(.data)
    uxDeletedTasksWaitingCleanUp             0x2000002c   Data           4  tasks.o(.data)
    uxCurrentNumberOfTasks                   0x20000030   Data           4  tasks.o(.data)
    xTickCount                               0x20000034   Data           4  tasks.o(.data)
    uxTopReadyPriority                       0x20000038   Data           4  tasks.o(.data)
    xSchedulerRunning                        0x2000003c   Data           4  tasks.o(.data)
    xPendedTicks                             0x20000040   Data           4  tasks.o(.data)
    xYieldPending                            0x20000044   Data           4  tasks.o(.data)
    xNumOfOverflows                          0x20000048   Data           4  tasks.o(.data)
    uxTaskNumber                             0x2000004c   Data           4  tasks.o(.data)
    xNextTaskUnblockTime                     0x20000050   Data           4  tasks.o(.data)
    xIdleTaskHandle                          0x20000054   Data           4  tasks.o(.data)
    uxSchedulerSuspended                     0x2000005c   Data           4  tasks.o(.data)
    .data                                    0x20000060   Section       20  timers.o(.data)
    pxCurrentTimerList                       0x20000060   Data           4  timers.o(.data)
    pxOverflowTimerList                      0x20000064   Data           4  timers.o(.data)
    xTimerQueue                              0x20000068   Data           4  timers.o(.data)
    xTimerTaskHandle                         0x2000006c   Data           4  timers.o(.data)
    xLastTime                                0x20000070   Data           4  timers.o(.data)
    .data                                    0x20000074   Section       32  heap_4.o(.data)
    xStart                                   0x20000074   Data           8  heap_4.o(.data)
    pxEnd                                    0x2000007c   Data           4  heap_4.o(.data)
    xFreeBytesRemaining                      0x20000080   Data           4  heap_4.o(.data)
    xMinimumEverFreeBytesRemaining           0x20000084   Data           4  heap_4.o(.data)
    xNumberOfSuccessfulAllocations           0x20000088   Data           4  heap_4.o(.data)
    xNumberOfSuccessfulFrees                 0x2000008c   Data           4  heap_4.o(.data)
    xBlockAllocatedBit                       0x20000090   Data           4  heap_4.o(.data)
    .data                                    0x20000094   Section        4  port.o(.data)
    uxCriticalNesting                        0x20000094   Data           4  port.o(.data)
    .data                                    0x20000098   Section        8  retarget.o(.data)
    .data                                    0x200000a0   Section        8  system_nano100series.o(.data)
    .bss                                     0x200000a8   Section     1612  main.o(.bss)
    .bss                                     0x200006f4   Section       64  queue.o(.bss)
    .bss                                     0x20000734   Section      200  tasks.o(.bss)
    pxReadyTasksLists                        0x20000734   Data         100  tasks.o(.bss)
    xDelayedTaskList1                        0x20000798   Data          20  tasks.o(.bss)
    xDelayedTaskList2                        0x200007ac   Data          20  tasks.o(.bss)
    xPendingReadyList                        0x200007c0   Data          20  tasks.o(.bss)
    xTasksWaitingTermination                 0x200007d4   Data          20  tasks.o(.bss)
    xSuspendedTaskList                       0x200007e8   Data          20  tasks.o(.bss)
    .bss                                     0x200007fc   Section       40  timers.o(.bss)
    xActiveTimerList1                        0x200007fc   Data          20  timers.o(.bss)
    xActiveTimerList2                        0x20000810   Data          20  timers.o(.bss)
    .bss                                     0x20000824   Section     6500  heap_4.o(.bss)
    ucHeap                                   0x20000824   Data        6500  heap_4.o(.bss)
    .bss                                     0x20002188   Section       96  libspace.o(.bss)
    HEAP                                     0x200021e8   Section     1280  startup_nano100series.o(HEAP)
    Heap_Mem                                 0x200021e8   Data        1280  startup_nano100series.o(HEAP)
    STACK                                    0x200026e8   Section     1280  startup_nano100series.o(STACK)
    Stack_Mem                                0x200026e8   Data        1280  startup_nano100series.o(STACK)
    __initial_sp                             0x20002be8   Data           0  startup_nano100series.o(STACK)

    Global Symbols

    Symbol Name                              Value     Ov Type        Size  Object(Section)

    BuildAttributes$$THM_ISAv3M$S$PE$A:L22$X:L11$S22$IEEE1$IW$USESV6$~STKCKD$USESV7$~SHL$OSPACE$ROPI$EBA8$UX$STANDARDLIB$REQ8$PRES8$EABIv2 0x00000000   Number         0  anon$$obj.o ABSOLUTE
    __ARM_use_no_argv                        0x00000000   Number         0  main.o ABSOLUTE
    __Vectors                                0x00000000   Data           4  startup_nano100series.o(RESET)
    _printf_flags                            0x00000000   Number         0  printf_stubs.o ABSOLUTE
    _printf_return_value                     0x00000000   Number         0  printf_stubs.o ABSOLUTE
    _printf_sizespec                         0x00000000   Number         0  printf_stubs.o ABSOLUTE
    _printf_widthprec                        0x00000000   Number         0  printf_stubs.o ABSOLUTE
    __ARM_exceptions_init                     - Undefined Weak Reference
    __alloca_initialize                       - Undefined Weak Reference
    __arm_preinit_                            - Undefined Weak Reference
    __cpp_initialize__aeabi_                  - Undefined Weak Reference
    __cxa_finalize                            - Undefined Weak Reference
    __rt_locale                               - Undefined Weak Reference
    __sigvec_lookup                           - Undefined Weak Reference
    _atexit_init                              - Undefined Weak Reference
    _call_atexit_fns                          - Undefined Weak Reference
    _clock_init                               - Undefined Weak Reference
    _fp_trap_init                             - Undefined Weak Reference
    _fp_trap_shutdown                         - Undefined Weak Reference
    _get_lc_collate                           - Undefined Weak Reference
    _get_lc_ctype                             - Undefined Weak Reference
    _get_lc_monetary                          - Undefined Weak Reference
    _get_lc_numeric                           - Undefined Weak Reference
    _get_lc_time                              - Undefined Weak Reference
    _getenv_init                              - Undefined Weak Reference
    _handle_redirection                       - Undefined Weak Reference
    _init_alloc                               - Undefined Weak Reference
    _init_user_alloc                          - Undefined Weak Reference
    _initio                                   - Undefined Weak Reference
    _printf_post_padding                      - Undefined Weak Reference
    _printf_pre_padding                       - Undefined Weak Reference
    _printf_truncate_signed                   - Undefined Weak Reference
    _printf_truncate_unsigned                 - Undefined Weak Reference
    _rand_init                                - Undefined Weak Reference
    _signal_finish                            - Undefined Weak Reference
    _signal_init                              - Undefined Weak Reference
    _terminate_alloc                          - Undefined Weak Reference
    _terminate_user_alloc                     - Undefined Weak Reference
    _terminateio                              - Undefined Weak Reference
    __main                                   0x000000c1   Thumb Code     8  __main.o(!!!main)
    __scatterload                            0x000000c9   Thumb Code     0  __scatter.o(!!!scatter)
    __scatterload_rt2                        0x000000c9   Thumb Code    52  __scatter.o(!!!scatter)
    __scatterload_rt2_thumb_only             0x000000c9   Thumb Code     0  __scatter.o(!!!scatter)
    __scatterload_null                       0x000000d9   Thumb Code     0  __scatter.o(!!!scatter)
    __scatterload_copy                       0x00000105   Thumb Code    26  __scatter_copy.o(!!handler_copy)
    __scatterload_zeroinit                   0x00000121   Thumb Code    28  __scatter_zi.o(!!handler_zi)
    _printf_percent                          0x0000013d   Thumb Code     0  _printf_percent.o(.ARM.Collect$$_printf_percent$$00000000)
    _printf_d                                0x0000013f   Thumb Code     0  _printf_d.o(.ARM.Collect$$_printf_percent$$00000009)
    _printf_x                                0x00000149   Thumb Code     0  _printf_x.o(.ARM.Collect$$_printf_percent$$0000000C)
    _printf_percent_end                      0x00000153   Thumb Code     0  _printf_percent_end.o(.ARM.Collect$$_printf_percent$$00000017)
    __rt_lib_init                            0x00000157   Thumb Code     0  libinit.o(.ARM.Collect$$libinit$$00000000)
    __rt_lib_init_alloca_1                   0x00000159   Thumb Code     0  libinit2.o(.ARM.Collect$$libinit$$0000002E)
    __rt_lib_init_argv_1                     0x00000159   Thumb Code     0  libinit2.o(.ARM.Collect$$libinit$$0000002C)
    __rt_lib_init_atexit_1                   0x00000159   Thumb Code     0  libinit2.o(.ARM.Collect$$libinit$$0000001B)
    __rt_lib_init_clock_1                    0x00000159   Thumb Code     0  libinit2.o(.ARM.Collect$$libinit$$00000021)
    __rt_lib_init_cpp_1                      0x00000159   Thumb Code     0  libinit2.o(.ARM.Collect$$libinit$$00000032)
    __rt_lib_init_exceptions_1               0x00000159   Thumb Code     0  libinit2.o(.ARM.Collect$$libinit$$00000030)
    __rt_lib_init_fp_1                       0x00000159   Thumb Code     0  libinit2.o(.ARM.Collect$$libinit$$00000002)
    __rt_lib_init_fp_trap_1                  0x00000159   Thumb Code     0  libinit2.o(.ARM.Collect$$libinit$$0000001F)
    __rt_lib_init_getenv_1                   0x00000159   Thumb Code     0  libinit2.o(.ARM.Collect$$libinit$$00000023)
    __rt_lib_init_heap_1                     0x00000159   Thumb Code     0  libinit2.o(.ARM.Collect$$libinit$$0000000A)
    __rt_lib_init_lc_collate_1               0x00000159   Thumb Code     0  libinit2.o(.ARM.Collect$$libinit$$00000011)
    __rt_lib_init_lc_ctype_1                 0x00000159   Thumb Code     0  libinit2.o(.ARM.Collect$$libinit$$00000013)
    __rt_lib_init_lc_monetary_1              0x00000159   Thumb Code     0  libinit2.o(.ARM.Collect$$libinit$$00000015)
    __rt_lib_init_lc_numeric_1               0x00000159   Thumb Code     0  libinit2.o(.ARM.Collect$$libinit$$00000017)
    __rt_lib_init_lc_time_1                  0x00000159   Thumb Code     0  libinit2.o(.ARM.Collect$$libinit$$00000019)
    __rt_lib_init_preinit_1                  0x00000159   Thumb Code     0  libinit2.o(.ARM.Collect$$libinit$$00000004)
    __rt_lib_init_rand_1                     0x00000159   Thumb Code     0  libinit2.o(.ARM.Collect$$libinit$$0000000E)
    __rt_lib_init_return                     0x00000159   Thumb Code     0  libinit2.o(.ARM.Collect$$libinit$$00000033)
    __rt_lib_init_signal_1                   0x00000159   Thumb Code     0  libinit2.o(.ARM.Collect$$libinit$$0000001D)
    __rt_lib_init_stdio_1                    0x00000159   Thumb Code     0  libinit2.o(.ARM.Collect$$libinit$$00000025)
    __rt_lib_init_user_alloc_1               0x00000159   Thumb Code     0  libinit2.o(.ARM.Collect$$libinit$$0000000C)
    __rt_lib_shutdown                        0x0000015b   Thumb Code     0  libshutdown.o(.ARM.Collect$$libshutdown$$00000000)
    __rt_lib_shutdown_cpp_1                  0x0000015d   Thumb Code     0  libshutdown2.o(.ARM.Collect$$libshutdown$$00000002)
    __rt_lib_shutdown_fp_trap_1              0x0000015d   Thumb Code     0  libshutdown2.o(.ARM.Collect$$libshutdown$$00000007)
    __rt_lib_shutdown_heap_1                 0x0000015d   Thumb Code     0  libshutdown2.o(.ARM.Collect$$libshutdown$$0000000F)
    __rt_lib_shutdown_return                 0x0000015d   Thumb Code     0  libshutdown2.o(.ARM.Collect$$libshutdown$$00000010)
    __rt_lib_shutdown_signal_1               0x0000015d   Thumb Code     0  libshutdown2.o(.ARM.Collect$$libshutdown$$0000000A)
    __rt_lib_shutdown_stdio_1                0x0000015d   Thumb Code     0  libshutdown2.o(.ARM.Collect$$libshutdown$$00000004)
    __rt_lib_shutdown_user_alloc_1           0x0000015d   Thumb Code     0  libshutdown2.o(.ARM.Collect$$libshutdown$$0000000C)
    __rt_entry                               0x0000015f   Thumb Code     0  __rtentry.o(.ARM.Collect$$rtentry$$00000000)
    __rt_entry_presh_1                       0x0000015f   Thumb Code     0  __rtentry2.o(.ARM.Collect$$rtentry$$00000002)
    __rt_entry_sh                            0x0000015f   Thumb Code     0  __rtentry4.o(.ARM.Collect$$rtentry$$00000004)
    __rt_entry_li                            0x00000165   Thumb Code     0  __rtentry2.o(.ARM.Collect$$rtentry$$0000000A)
    __rt_entry_postsh_1                      0x00000165   Thumb Code     0  __rtentry2.o(.ARM.Collect$$rtentry$$00000009)
    __rt_entry_main                          0x00000169   Thumb Code     0  __rtentry2.o(.ARM.Collect$$rtentry$$0000000D)
    __rt_entry_postli_1                      0x00000169   Thumb Code     0  __rtentry2.o(.ARM.Collect$$rtentry$$0000000C)
    __rt_exit                                0x00000171   Thumb Code     0  rtexit.o(.ARM.Collect$$rtexit$$00000000)
    __rt_exit_ls                             0x00000173   Thumb Code     0  rtexit2.o(.ARM.Collect$$rtexit$$00000003)
    __rt_exit_prels_1                        0x00000173   Thumb Code     0  rtexit2.o(.ARM.Collect$$rtexit$$00000002)
    __rt_exit_exit                           0x00000177   Thumb Code     0  rtexit2.o(.ARM.Collect$$rtexit$$00000004)
    __asm___6_port_c_39a90d8d__prvPortStartFirstTask 0x0000017d   Thumb Code    36  port.o(.emb_text)
    ulSetInterruptMaskFromISR                0x000001a5   Thumb Code     8  port.o(.emb_text)
    vClearInterruptMaskFromISR               0x000001ad   Thumb Code     6  port.o(.emb_text)
    PendSV_Handler                           0x000001b3   Thumb Code    62  port.o(.emb_text)
    HardFault_Handler                        0x000001f5   Thumb Code    24  retarget.o(.emb_text)
    __aeabi_memcpy4                          0x00000211   Thumb Code    56  rt_memcpy.o(.emb_text)
    __aeabi_memcpy8                          0x00000211   Thumb Code     0  rt_memcpy.o(.emb_text)
    Reset_Handler                            0x00000249   Thumb Code    28  startup_nano100series.o(.text)
    NMI_Handler                              0x00000265   Thumb Code     2  startup_nano100series.o(.text)
    ADC_IRQHandler                           0x0000026f   Thumb Code     0  startup_nano100series.o(.text)
    BOD_IRQHandler                           0x0000026f   Thumb Code     0  startup_nano100series.o(.text)
    DAC_IRQHandler                           0x0000026f   Thumb Code     0  startup_nano100series.o(.text)
    EINT0_IRQHandler                         0x0000026f   Thumb Code     0  startup_nano100series.o(.text)
    EINT1_IRQHandler                         0x0000026f   Thumb Code     0  startup_nano100series.o(.text)
    GPABC_IRQHandler                         0x0000026f   Thumb Code     0  startup_nano100series.o(.text)
    GPDEF_IRQHandler                         0x0000026f   Thumb Code     0  startup_nano100series.o(.text)
    HIRC_IRQHandler                          0x0000026f   Thumb Code     0  startup_nano100series.o(.text)
    I2C0_IRQHandler                          0x0000026f   Thumb Code     0  startup_nano100series.o(.text)
    I2C1_IRQHandler                          0x0000026f   Thumb Code     0  startup_nano100series.o(.text)
    I2S_IRQHandler                           0x0000026f   Thumb Code     0  startup_nano100series.o(.text)
    LCD_IRQHandler                           0x0000026f   Thumb Code     0  startup_nano100series.o(.text)
    PDMA_IRQHandler                          0x0000026f   Thumb Code     0  startup_nano100series.o(.text)
    PDWU_IRQHandler                          0x0000026f   Thumb Code     0  startup_nano100series.o(.text)
    PWM0_IRQHandler                          0x0000026f   Thumb Code     0  startup_nano100series.o(.text)
    PWM1_IRQHandler                          0x0000026f   Thumb Code     0  startup_nano100series.o(.text)
    RTC_IRQHandler                           0x0000026f   Thumb Code     0  startup_nano100series.o(.text)
    SC0_IRQHandler                           0x0000026f   Thumb Code     0  startup_nano100series.o(.text)
    SC1_IRQHandler                           0x0000026f   Thumb Code     0  startup_nano100series.o(.text)
    SC2_IRQHandler                           0x0000026f   Thumb Code     0  startup_nano100series.o(.text)
    SPI0_IRQHandler                          0x0000026f   Thumb Code     0  startup_nano100series.o(.text)
    SPI1_IRQHandler                          0x0000026f   Thumb Code     0  startup_nano100series.o(.text)
    SPI2_IRQHandler                          0x0000026f   Thumb Code     0  startup_nano100series.o(.text)
    TMR0_IRQHandler                          0x0000026f   Thumb Code     0  startup_nano100series.o(.text)
    TMR1_IRQHandler                          0x0000026f   Thumb Code     0  startup_nano100series.o(.text)
    TMR2_IRQHandler                          0x0000026f   Thumb Code     0  startup_nano100series.o(.text)
    TMR3_IRQHandler                          0x0000026f   Thumb Code     0  startup_nano100series.o(.text)
    USBD_IRQHandler                          0x0000026f   Thumb Code     0  startup_nano100series.o(.text)
    WDT_IRQHandler                           0x0000026f   Thumb Code     0  startup_nano100series.o(.text)
    __user_initial_stackheap                 0x00000271   Thumb Code     0  startup_nano100series.o(.text)
    __2printf                                0x000002a9   Thumb Code    22  noretval__2printf.o(.text)
    _printf_int_dec                          0x000002c5   Thumb Code    90  _printf_dec.o(.text)
    _printf_int_hex                          0x00000331   Thumb Code    84  _printf_hex_int.o(.text)
    _printf_longlong_hex                     0x00000331   Thumb Code     0  _printf_hex_int.o(.text)
    __printf                                 0x00000389   Thumb Code   270  __printf_wp.o(.text)
    __aeabi_memcpy                           0x00000497   Thumb Code   130  rt_memcpy.o(.text)
    __rt_memcpy                              0x00000497   Thumb Code     0  rt_memcpy.o(.text)
    __aeabi_memset                           0x00000519   Thumb Code    18  aeabi_memset.o(.text)
    _memset_w                                0x0000052b   Thumb Code    26  rt_memclr.o(.text)
    _memset                                  0x00000545   Thumb Code    30  rt_memclr.o(.text)
    __aeabi_memclr                           0x00000563   Thumb Code     4  rt_memclr.o(.text)
    __rt_memclr                              0x00000563   Thumb Code     0  rt_memclr.o(.text)
    __aeabi_memclr4                          0x00000567   Thumb Code     0  rt_memclr.o(.text)
    __aeabi_memclr8                          0x00000567   Thumb Code     0  rt_memclr.o(.text)
    __rt_memclr_w                            0x00000567   Thumb Code     4  rt_memclr.o(.text)
    __aeabi_uidiv                            0x0000056b   Thumb Code     0  aeabi_sdiv.o(.text)
    __aeabi_uidivmod                         0x0000056b   Thumb Code    20  aeabi_sdiv.o(.text)
    __aeabi_idiv                             0x0000057f   Thumb Code     0  aeabi_sdiv.o(.text)
    __aeabi_idivmod                          0x0000057f   Thumb Code   326  aeabi_sdiv.o(.text)
    __use_two_region_memory                  0x000006c5   Thumb Code     2  heapauxi.o(.text)
    __rt_heap_escrow$2region                 0x000006c7   Thumb Code     2  heapauxi.o(.text)
    __rt_heap_expand$2region                 0x000006c9   Thumb Code     2  heapauxi.o(.text)
    _printf_int_common                       0x000006cb   Thumb Code   176  _printf_intcommon.o(.text)
    _printf_char_file                        0x0000077d   Thumb Code    34  _printf_char_file.o(.text)
    __rt_udiv10                              0x000007a5   Thumb Code    40  rtudiv10.o(.text)
    _printf_char_common                      0x000007d7   Thumb Code    32  _printf_char_common.o(.text)
    __user_setup_stackheap                   0x000007fd   Thumb Code    62  sys_stackheap_outer.o(.text)
    exit                                     0x0000083b   Thumb Code    16  exit.o(.text)
    __user_libspace                          0x0000084d   Thumb Code     8  libspace.o(.text)
    __user_perproc_libspace                  0x0000084d   Thumb Code     0  libspace.o(.text)
    __user_perthread_libspace                0x0000084d   Thumb Code     0  libspace.o(.text)
    _sys_exit                                0x00000855   Thumb Code     8  sys_exit.o(.text)
    __I$use$semihosting                      0x00000861   Thumb Code     0  use_no_semi.o(.text)
    __use_no_semihosting_swi                 0x00000861   Thumb Code     2  use_no_semi.o(.text)
    __semihosting_library_function           0x00000863   Thumb Code     0  indicate_semi.o(.text)
    CLK_EnableModuleClock                    0x00000865   Thumb Code    32  clk.o(i.CLK_EnableModuleClock)
    CLK_EnableXtalRC                         0x00000889   Thumb Code    72  clk.o(i.CLK_EnableXtalRC)
    CLK_SetHCLK                              0x000008d5   Thumb Code    94  clk.o(i.CLK_SetHCLK)
    CLK_SetModuleClock                       0x00000939   Thumb Code    94  clk.o(i.CLK_SetModuleClock)
    CLK_WaitClockReady                       0x0000099d   Thumb Code    32  clk.o(i.CLK_WaitClockReady)
    FifoInit                                 0x000009c5   Thumb Code    12  fifo.o(i.FifoInit)
    Hard_Fault_Handler                       0x000009d1   Thumb Code    18  retarget.o(i.Hard_Fault_Handler)
    SVC_Handler                              0x00000a89   Thumb Code     2  port.o(i.SVC_Handler)
    SendChar                                 0x00000aad   Thumb Code    12  retarget.o(i.SendChar)
    SendChar_ToUART                          0x00000ab9   Thumb Code    48  retarget.o(i.SendChar_ToUART)
    SysGet_HCLKFreq                          0x00000aed   Thumb Code    68  system_nano100series.o(i.SysGet_HCLKFreq)
    SysGet_PLLClockFreq                      0x00000b3d   Thumb Code   120  system_nano100series.o(i.SysGet_PLLClockFreq)
    SysTick_Handler                          0x00000bbd   Thumb Code    32  port.o(i.SysTick_Handler)
    SystemCoreClockUpdate                    0x00000be1   Thumb Code    30  system_nano100series.o(i.SystemCoreClockUpdate)
    UART0_IRQHandler                         0x00000c0d   Thumb Code    10  uart1.o(i.UART0_IRQHandler)
    UART1_IRQHandler                         0x00000c1d   Thumb Code    10  uart1.o(i.UART1_IRQHandler)
    UART_Open                                0x00000c2d   Thumb Code   146  uart.o(i.UART_Open)
    __ARM_common_switch8                     0x00000ccd   Thumb Code    28  tasks.o(i.__ARM_common_switch8)
    _is_digit                                0x00000ce9   Thumb Code    14  __printf_wp.o(i._is_digit)
    delay_init                               0x00000cf9   Thumb Code   100  utility.o(i.delay_init)
    ferror                                   0x00000da9   Thumb Code     8  retarget.o(i.ferror)
    fputc                                    0x00000db1   Thumb Code    16  retarget.o(i.fputc)
    init_HCLK                                0x00000dc1   Thumb Code    60  main.o(i.init_HCLK)
    init_UART0                               0x00000e01   Thumb Code    96  uart1.o(i.init_UART0)
    main                                     0x00000e6d   Thumb Code    92  main.o(i.main)
    pvPortMalloc                             0x000018b1   Thumb Code   300  heap_4.o(i.pvPortMalloc)
    pxPortInitialiseStack                    0x000019f5   Thumb Code    26  port.o(i.pxPortInitialiseStack)
    stackDump                                0x00001a15   Thumb Code    70  retarget.o(i.stackDump)
    taskCreate                               0x00001add   Thumb Code    24  main.o(i.taskCreate)
    uart0Send                                0x00001b8d   Thumb Code    26  uart1.o(i.uart0Send)
    uxListRemove                             0x00001bad   Thumb Code    40  list.o(i.uxListRemove)
    vListInitialise                          0x00001bd5   Thumb Code    26  list.o(i.vListInitialise)
    vListInitialiseItem                      0x00001bef   Thumb Code     6  list.o(i.vListInitialiseItem)
    vListInsert                              0x00001bf5   Thumb Code    54  list.o(i.vListInsert)
    vPortEnterCritical                       0x00001c2d   Thumb Code    22  port.o(i.vPortEnterCritical)
    vPortExitCritical                        0x00001c49   Thumb Code    36  port.o(i.vPortExitCritical)
    vPortFree                                0x00001c71   Thumb Code   130  heap_4.o(i.vPortFree)
    vPortSetupTimerInterrupt                 0x00001d01   Thumb Code    34  port.o(i.vPortSetupTimerInterrupt)
    vPortYield                               0x00001d2d   Thumb Code    18  port.o(i.vPortYield)
    vQueueAddToRegistry                      0x00001d45   Thumb Code    80  queue.o(i.vQueueAddToRegistry)
    vQueueWaitForMessageRestricted           0x00001d99   Thumb Code    76  queue.o(i.vQueueWaitForMessageRestricted)
    vTaskInternalSetTimeOutState             0x00001de5   Thumb Code    14  tasks.o(i.vTaskInternalSetTimeOutState)
    vTaskMissedYield                         0x00001dfd   Thumb Code     8  tasks.o(i.vTaskMissedYield)
    vTaskPlaceOnEventList                    0x00001e09   Thumb Code    38  tasks.o(i.vTaskPlaceOnEventList)
    vTaskPlaceOnEventListRestricted          0x00001e35   Thumb Code    82  tasks.o(i.vTaskPlaceOnEventListRestricted)
    vTaskStartScheduler                      0x00001e8d   Thumb Code    94  tasks.o(i.vTaskStartScheduler)
    vTaskSuspendAll                          0x00001f0d   Thumb Code    12  tasks.o(i.vTaskSuspendAll)
    vTaskSwitchContext                       0x00001f1d   Thumb Code   108  tasks.o(i.vTaskSwitchContext)
    xPortStartScheduler                      0x00001f9d   Thumb Code    48  port.o(i.xPortStartScheduler)
    xQueueGenericCreate                      0x00001fd5   Thumb Code    98  queue.o(i.xQueueGenericCreate)
    xQueueGenericReset                       0x00002037   Thumb Code   182  queue.o(i.xQueueGenericReset)
    xQueueGenericSend                        0x000020ed   Thumb Code   346  queue.o(i.xQueueGenericSend)
    xQueueGenericSendFromISR                 0x00002247   Thumb Code   202  queue.o(i.xQueueGenericSendFromISR)
    xQueueReceive                            0x00002311   Thumb Code   312  queue.o(i.xQueueReceive)
    xTaskCheckForTimeOut                     0x00002449   Thumb Code   110  tasks.o(i.xTaskCheckForTimeOut)
    xTaskCreate                              0x000024c1   Thumb Code    92  tasks.o(i.xTaskCreate)
    xTaskGetSchedulerState                   0x0000251d   Thumb Code    28  tasks.o(i.xTaskGetSchedulerState)
    xTaskGetTickCount                        0x00002541   Thumb Code     6  tasks.o(i.xTaskGetTickCount)
    xTaskIncrementTick                       0x0000254d   Thumb Code   380  tasks.o(i.xTaskIncrementTick)
    xTaskPriorityDisinherit                  0x000026f5   Thumb Code   168  tasks.o(i.xTaskPriorityDisinherit)
    xTaskRemoveFromEventList                 0x000027a9   Thumb Code   240  tasks.o(i.xTaskRemoveFromEventList)
    xTaskResumeAll                           0x000028b1   Thumb Code   314  tasks.o(i.xTaskResumeAll)
    xTimerCreate                             0x00002a0d   Thumb Code    50  timers.o(i.xTimerCreate)
    xTimerCreateTimerTask                    0x00002a41   Thumb Code    52  timers.o(i.xTimerCreateTimerTask)
    xTimerGenericCommand                     0x00002a89   Thumb Code   110  timers.o(i.xTimerGenericCommand)
    Region$$Table$$Base                      0x00002b54   Number         0  anon$$obj.o(Region$$Table)
    Region$$Table$$Limit                     0x00002b74   Number         0  anon$$obj.o(Region$$Table)
    stateCheckTimerHandle                    0x20000004   Data           4  main.o(.data)
    parserTimerHandle                        0x20000008   Data           4  main.o(.data)
    taskType                                 0x2000000c   Data           1  main.o(.data)
    stackQueueHandle                         0x20000010   Data           4  main.o(.data)
    pxCurrentTCB                             0x20000020   Data           4  tasks.o(.data)
    uxTopUsedPriority                        0x20000058   Data           4  tasks.o(.data)
    __stdout                                 0x20000098   Data           4  retarget.o(.data)
    __stdin                                  0x2000009c   Data           4  retarget.o(.data)
    SystemCoreClock                          0x200000a0   Data           4  system_nano100series.o(.data)
    CyclesPerUs                              0x200000a4   Data           4  system_nano100series.o(.data)
    fifoBuffer                               0x200000a8   Data          12  main.o(.bss)
    uartFifoBuffer                           0x200000b4   Data         800  main.o(.bss)
    uartData                                 0x200003d4   Data         800  main.o(.bss)
    xQueueRegistry                           0x200006f4   Data          64  queue.o(.bss)
    __libspace_start                         0x20002188   Data          96  libspace.o(.bss)
    __temporary_stack_top$libspace           0x200021e8   Data           0  libspace.o(.bss)



==============================================================================

Memory Map of the image

  Image Entry point : 0x00000249

  Load Region LR_1 (Base: 0x00000000, Size: 0x00002c1c, Max: 0xffffffff, ABSOLUTE)

    Execution Region ER_RO (Base: 0x00000000, Size: 0x00002b74, Max: 0xffffffff, ABSOLUTE)

    Base Addr    Size         Type   Attr      Idx    E Section Name        Object

    0x00000000   0x000000c0   Data   RO         2162    RESET               startup_nano100series.o
    0x000000c0   0x00000008   Code   RO         2277  * !!!main             c_p.l(__main.o)
    0x000000c8   0x0000003c   Code   RO         2461    !!!scatter          c_p.l(__scatter.o)
    0x00000104   0x0000001a   Code   RO         2463    !!handler_copy      c_p.l(__scatter_copy.o)
    0x0000011e   0x00000002   PAD
    0x00000120   0x0000001c   Code   RO         2465    !!handler_zi        c_p.l(__scatter_zi.o)
    0x0000013c   0x00000002   Code   RO         2260    .ARM.Collect$$_printf_percent$$00000000  c_p.l(_printf_percent.o)
    0x0000013e   0x0000000a   Code   RO         2259    .ARM.Collect$$_printf_percent$$00000009  c_p.l(_printf_d.o)
    0x00000148   0x0000000a   Code   RO         2258    .ARM.Collect$$_printf_percent$$0000000C  c_p.l(_printf_x.o)
    0x00000152   0x00000004   Code   RO         2290    .ARM.Collect$$_printf_percent$$00000017  c_p.l(_printf_percent_end.o)
    0x00000156   0x00000002   Code   RO         2332    .ARM.Collect$$libinit$$00000000  c_p.l(libinit.o)
    0x00000158   0x00000000   Code   RO         2346    .ARM.Collect$$libinit$$00000002  c_p.l(libinit2.o)
    0x00000158   0x00000000   Code   RO         2348    .ARM.Collect$$libinit$$00000004  c_p.l(libinit2.o)
    0x00000158   0x00000000   Code   RO         2351    .ARM.Collect$$libinit$$0000000A  c_p.l(libinit2.o)
    0x00000158   0x00000000   Code   RO         2353    .ARM.Collect$$libinit$$0000000C  c_p.l(libinit2.o)
    0x00000158   0x00000000   Code   RO         2355    .ARM.Collect$$libinit$$0000000E  c_p.l(libinit2.o)
    0x00000158   0x00000000   Code   RO         2358    .ARM.Collect$$libinit$$00000011  c_p.l(libinit2.o)
    0x00000158   0x00000000   Code   RO         2360    .ARM.Collect$$libinit$$00000013  c_p.l(libinit2.o)
    0x00000158   0x00000000   Code   RO         2362    .ARM.Collect$$libinit$$00000015  c_p.l(libinit2.o)
    0x00000158   0x00000000   Code   RO         2364    .ARM.Collect$$libinit$$00000017  c_p.l(libinit2.o)
    0x00000158   0x00000000   Code   RO         2366    .ARM.Collect$$libinit$$00000019  c_p.l(libinit2.o)
    0x00000158   0x00000000   Code   RO         2368    .ARM.Collect$$libinit$$0000001B  c_p.l(libinit2.o)
    0x00000158   0x00000000   Code   RO         2370    .ARM.Collect$$libinit$$0000001D  c_p.l(libinit2.o)
    0x00000158   0x00000000   Code   RO         2372    .ARM.Collect$$libinit$$0000001F  c_p.l(libinit2.o)
    0x00000158   0x00000000   Code   RO         2374    .ARM.Collect$$libinit$$00000021  c_p.l(libinit2.o)
    0x00000158   0x00000000   Code   RO         2376    .ARM.Collect$$libinit$$00000023  c_p.l(libinit2.o)
    0x00000158   0x00000000   Code   RO         2378    .ARM.Collect$$libinit$$00000025  c_p.l(libinit2.o)
    0x00000158   0x00000000   Code   RO         2382    .ARM.Collect$$libinit$$0000002C  c_p.l(libinit2.o)
    0x00000158   0x00000000   Code   RO         2384    .ARM.Collect$$libinit$$0000002E  c_p.l(libinit2.o)
    0x00000158   0x00000000   Code   RO         2386    .ARM.Collect$$libinit$$00000030  c_p.l(libinit2.o)
    0x00000158   0x00000000   Code   RO         2388    .ARM.Collect$$libinit$$00000032  c_p.l(libinit2.o)
    0x00000158   0x00000002   Code   RO         2389    .ARM.Collect$$libinit$$00000033  c_p.l(libinit2.o)
    0x0000015a   0x00000002   Code   RO         2418    .ARM.Collect$$libshutdown$$00000000  c_p.l(libshutdown.o)
    0x0000015c   0x00000000   Code   RO         2444    .ARM.Collect$$libshutdown$$00000002  c_p.l(libshutdown2.o)
    0x0000015c   0x00000000   Code   RO         2446    .ARM.Collect$$libshutdown$$00000004  c_p.l(libshutdown2.o)
    0x0000015c   0x00000000   Code   RO         2449    .ARM.Collect$$libshutdown$$00000007  c_p.l(libshutdown2.o)
    0x0000015c   0x00000000   Code   RO         2452    .ARM.Collect$$libshutdown$$0000000A  c_p.l(libshutdown2.o)
    0x0000015c   0x00000000   Code   RO         2454    .ARM.Collect$$libshutdown$$0000000C  c_p.l(libshutdown2.o)
    0x0000015c   0x00000000   Code   RO         2457    .ARM.Collect$$libshutdown$$0000000F  c_p.l(libshutdown2.o)
    0x0000015c   0x00000002   Code   RO         2458    .ARM.Collect$$libshutdown$$00000010  c_p.l(libshutdown2.o)
    0x0000015e   0x00000000   Code   RO         2279    .ARM.Collect$$rtentry$$00000000  c_p.l(__rtentry.o)
    0x0000015e   0x00000000   Code   RO         2294    .ARM.Collect$$rtentry$$00000002  c_p.l(__rtentry2.o)
    0x0000015e   0x00000006   Code   RO         2306    .ARM.Collect$$rtentry$$00000004  c_p.l(__rtentry4.o)
    0x00000164   0x00000000   Code   RO         2296    .ARM.Collect$$rtentry$$00000009  c_p.l(__rtentry2.o)
    0x00000164   0x00000004   Code   RO         2297    .ARM.Collect$$rtentry$$0000000A  c_p.l(__rtentry2.o)
    0x00000168   0x00000000   Code   RO         2299    .ARM.Collect$$rtentry$$0000000C  c_p.l(__rtentry2.o)
    0x00000168   0x00000008   Code   RO         2300    .ARM.Collect$$rtentry$$0000000D  c_p.l(__rtentry2.o)
    0x00000170   0x00000002   Code   RO         2337    .ARM.Collect$$rtexit$$00000000  c_p.l(rtexit.o)
    0x00000172   0x00000000   Code   RO         2393    .ARM.Collect$$rtexit$$00000002  c_p.l(rtexit2.o)
    0x00000172   0x00000004   Code   RO         2394    .ARM.Collect$$rtexit$$00000003  c_p.l(rtexit2.o)
    0x00000176   0x00000006   Code   RO         2395    .ARM.Collect$$rtexit$$00000004  c_p.l(rtexit2.o)
    0x0000017c   0x00000078   Code   RO         1542    .emb_text           port.o
    0x000001f4   0x0000001c   Code   RO         2071    .emb_text           retarget.o
    0x00000210   0x00000038   Code   RO         2261    .emb_text           c_p.l(rt_memcpy.o)
    0x00000248   0x00000060   Code   RO         2163  * .text               startup_nano100series.o
    0x000002a8   0x0000001c   Code   RO         2211    .text               c_p.l(noretval__2printf.o)
    0x000002c4   0x0000006c   Code   RO         2215    .text               c_p.l(_printf_dec.o)
    0x00000330   0x00000058   Code   RO         2220    .text               c_p.l(_printf_hex_int.o)
    0x00000388   0x0000010e   Code   RO         2246    .text               c_p.l(__printf_wp.o)
    0x00000496   0x00000082   Code   RO         2262    .text               c_p.l(rt_memcpy.o)
    0x00000518   0x00000012   Code   RO         2267    .text               c_p.l(aeabi_memset.o)
    0x0000052a   0x00000040   Code   RO         2269    .text               c_p.l(rt_memclr.o)
    0x0000056a   0x0000015a   Code   RO         2271    .text               c_p.l(aeabi_sdiv.o)
    0x000006c4   0x00000006   Code   RO         2275    .text               c_p.l(heapauxi.o)
    0x000006ca   0x000000b0   Code   RO         2286    .text               c_p.l(_printf_intcommon.o)
    0x0000077a   0x00000002   PAD
    0x0000077c   0x00000028   Code   RO         2288    .text               c_p.l(_printf_char_file.o)
    0x000007a4   0x00000028   Code   RO         2291    .text               c_p.l(rtudiv10.o)
    0x000007cc   0x00000030   Code   RO         2314    .text               c_p.l(_printf_char_common.o)
    0x000007fc   0x0000003e   Code   RO         2316    .text               c_p.l(sys_stackheap_outer.o)
    0x0000083a   0x00000010   Code   RO         2321    .text               c_p.l(exit.o)
    0x0000084a   0x00000002   PAD
    0x0000084c   0x00000008   Code   RO         2333    .text               c_p.l(libspace.o)
    0x00000854   0x0000000c   Code   RO         2390    .text               c_p.l(sys_exit.o)
    0x00000860   0x00000002   Code   RO         2407    .text               c_p.l(use_no_semi.o)
    0x00000862   0x00000000   Code   RO         2409    .text               c_p.l(indicate_semi.o)
    0x00000862   0x00000002   PAD
    0x00000864   0x00000024   Code   RO         1621    i.CLK_EnableModuleClock  clk.o
    0x00000888   0x0000004c   Code   RO         1624    i.CLK_EnableXtalRC  clk.o
    0x000008d4   0x00000064   Code   RO         1633    i.CLK_SetHCLK       clk.o
    0x00000938   0x00000064   Code   RO         1634    i.CLK_SetModuleClock  clk.o
    0x0000099c   0x00000028   Code   RO         1636    i.CLK_WaitClockReady  clk.o
    0x000009c4   0x0000000c   Code   RO          298    i.FifoInit          fifo.o
    0x000009d0   0x0000002c   Code   RO         2073    i.Hard_Fault_Handler  retarget.o
    0x000009fc   0x00000014   Code   RO          369    i.NVIC_EnableIRQ    uart1.o
    0x00000a10   0x00000078   Code   RO          215    i.NVIC_SetPriority  utility.o
    0x00000a88   0x00000002   Code   RO         1543    i.SVC_Handler       port.o
    0x00000a8a   0x00000002   PAD
    0x00000a8c   0x00000020   Code   RO          370    i.SYS_UnlockReg     uart1.o
    0x00000aac   0x0000000c   Code   RO         2075    i.SendChar          retarget.o
    0x00000ab8   0x00000034   Code   RO         2076    i.SendChar_ToUART   retarget.o
    0x00000aec   0x00000050   Code   RO         2169    i.SysGet_HCLKFreq   system_nano100series.o
    0x00000b3c   0x00000080   Code   RO         2170    i.SysGet_PLLClockFreq  system_nano100series.o
    0x00000bbc   0x00000024   Code   RO         1544    i.SysTick_Handler   port.o
    0x00000be0   0x0000002c   Code   RO         2171    i.SystemCoreClockUpdate  system_nano100series.o
    0x00000c0c   0x00000010   Code   RO          371    i.UART0_IRQHandler  uart1.o
    0x00000c1c   0x00000010   Code   RO          372    i.UART1_IRQHandler  uart1.o
    0x00000c2c   0x000000a0   Code   RO         1978    i.UART_Open         uart.o
    0x00000ccc   0x0000001c   Code   RO         1166    i.__ARM_common_switch8  tasks.o
    0x00000ce8   0x0000000e   Code   RO         2248    i._is_digit         c_p.l(__printf_wp.o)
    0x00000cf6   0x00000002   PAD
    0x00000cf8   0x000000b0   Code   RO          218    i.delay_init        utility.o
    0x00000da8   0x00000008   Code   RO         2078    i.ferror            retarget.o
    0x00000db0   0x00000010   Code   RO         2080    i.fputc             retarget.o
    0x00000dc0   0x00000040   Code   RO            3    i.init_HCLK         main.o
    0x00000e00   0x0000006c   Code   RO          373    i.init_UART0        uart1.o
    0x00000e6c   0x00000084   Code   RO            4    i.main              main.o
    0x00000ef0   0x0000000a   Code   RO            5    i.mainTask          main.o
    0x00000efa   0x00000002   PAD
    0x00000efc   0x000000a4   Code   RO          812    i.prvAddCurrentTaskToDelayedList  tasks.o
    0x00000fa0   0x000000d8   Code   RO          813    i.prvAddNewTaskToReadyList  tasks.o
    0x00001078   0x00000068   Code   RO         1178    i.prvCheckForValidListAndQueue  timers.o
    0x000010e0   0x00000048   Code   RO          814    i.prvCheckTasksWaitingTermination  tasks.o
    0x00001128   0x0000002c   Code   RO          594    i.prvCopyDataFromQueue  queue.o
    0x00001154   0x00000080   Code   RO          595    i.prvCopyDataToQueue  queue.o
    0x000011d4   0x00000012   Code   RO          815    i.prvDeleteTCB      tasks.o
    0x000011e6   0x00000002   PAD
    0x000011e8   0x0000002c   Code   RO         1179    i.prvGetNextExpireTime  timers.o
    0x00001214   0x00000080   Code   RO         1487    i.prvHeapInit       heap_4.o
    0x00001294   0x00000018   Code   RO          816    i.prvIdleTask       tasks.o
    0x000012ac   0x0000002c   Code   RO          598    i.prvInitialiseNewQueue  queue.o
    0x000012d8   0x000000ce   Code   RO          817    i.prvInitialiseNewTask  tasks.o
    0x000013a6   0x0000004a   Code   RO         1180    i.prvInitialiseNewTimer  timers.o
    0x000013f0   0x00000064   Code   RO          818    i.prvInitialiseTaskLists  tasks.o
    0x00001454   0x00000068   Code   RO         1488    i.prvInsertBlockIntoFreeList  heap_4.o
    0x000014bc   0x00000054   Code   RO         1181    i.prvInsertTimerInActiveList  timers.o
    0x00001510   0x0000001c   Code   RO          599    i.prvIsQueueEmpty   queue.o
    0x0000152c   0x0000001e   Code   RO          600    i.prvIsQueueFull    queue.o
    0x0000154a   0x00000002   PAD
    0x0000154c   0x00000044   Code   RO         1182    i.prvProcessExpiredTimer  timers.o
    0x00001590   0x0000011c   Code   RO         1183    i.prvProcessReceivedCommands  timers.o
    0x000016ac   0x0000006c   Code   RO         1184    i.prvProcessTimerOrBlockTask  timers.o
    0x00001718   0x00000028   Code   RO         1185    i.prvReloadTimer    timers.o
    0x00001740   0x00000034   Code   RO          820    i.prvResetNextTaskUnblockTime  tasks.o
    0x00001774   0x0000002c   Code   RO         1186    i.prvSampleTimeNow  timers.o
    0x000017a0   0x00000044   Code   RO         1187    i.prvSwitchTimerLists  timers.o
    0x000017e4   0x00000024   Code   RO         1545    i.prvTaskExitError  port.o
    0x00001808   0x0000001a   Code   RO         1188    i.prvTimerTask      timers.o
    0x00001822   0x0000008e   Code   RO          601    i.prvUnlockQueue    queue.o
    0x000018b0   0x00000144   Code   RO         1489    i.pvPortMalloc      heap_4.o
    0x000019f4   0x00000020   Code   RO         1546    i.pxPortInitialiseStack  port.o
    0x00001a14   0x000000a8   Code   RO         2082    i.stackDump         retarget.o
    0x00001abc   0x00000020   Code   RO            8    i.stateCheckTimerCb  main.o
    0x00001adc   0x00000028   Code   RO            9    i.taskCreate        main.o
    0x00001b04   0x00000088   Code   RO           10    i.timerInit         main.o
    0x00001b8c   0x00000020   Code   RO          375    i.uart0Send         uart1.o
    0x00001bac   0x00000028   Code   RO          557    i.uxListRemove      list.o
    0x00001bd4   0x0000001a   Code   RO          558    i.vListInitialise   list.o
    0x00001bee   0x00000006   Code   RO          559    i.vListInitialiseItem  list.o
    0x00001bf4   0x00000036   Code   RO          560    i.vListInsert       list.o
    0x00001c2a   0x00000002   PAD
    0x00001c2c   0x0000001c   Code   RO         1548    i.vPortEnterCritical  port.o
    0x00001c48   0x00000028   Code   RO         1549    i.vPortExitCritical  port.o
    0x00001c70   0x00000090   Code   RO         1490    i.vPortFree         heap_4.o
    0x00001d00   0x0000002c   Code   RO         1550    i.vPortSetupTimerInterrupt  port.o
    0x00001d2c   0x00000018   Code   RO         1551    i.vPortYield        port.o
    0x00001d44   0x00000054   Code   RO          607    i.vQueueAddToRegistry  queue.o
    0x00001d98   0x0000004c   Code   RO          611    i.vQueueWaitForMessageRestricted  queue.o
    0x00001de4   0x00000018   Code   RO          837    i.vTaskInternalSetTimeOutState  tasks.o
    0x00001dfc   0x0000000c   Code   RO          838    i.vTaskMissedYield  tasks.o
    0x00001e08   0x0000002c   Code   RO          839    i.vTaskPlaceOnEventList  tasks.o
    0x00001e34   0x00000058   Code   RO          840    i.vTaskPlaceOnEventListRestricted  tasks.o
    0x00001e8c   0x00000080   Code   RO          848    i.vTaskStartScheduler  tasks.o
    0x00001f0c   0x00000010   Code   RO          850    i.vTaskSuspendAll   tasks.o
    0x00001f1c   0x00000080   Code   RO          851    i.vTaskSwitchContext  tasks.o
    0x00001f9c   0x00000038   Code   RO         1552    i.xPortStartScheduler  port.o
    0x00001fd4   0x00000062   Code   RO          614    i.xQueueGenericCreate  queue.o
    0x00002036   0x000000b6   Code   RO          615    i.xQueueGenericReset  queue.o
    0x000020ec   0x0000015a   Code   RO          616    i.xQueueGenericSend  queue.o
    0x00002246   0x000000ca   Code   RO          617    i.xQueueGenericSendFromISR  queue.o
    0x00002310   0x00000138   Code   RO          624    i.xQueueReceive     queue.o
    0x00002448   0x00000078   Code   RO          853    i.xTaskCheckForTimeOut  tasks.o
    0x000024c0   0x0000005c   Code   RO          854    i.xTaskCreate       tasks.o
    0x0000251c   0x00000024   Code   RO          861    i.xTaskGetSchedulerState  tasks.o
    0x00002540   0x0000000c   Code   RO          862    i.xTaskGetTickCount  tasks.o
    0x0000254c   0x000001a8   Code   RO          864    i.xTaskIncrementTick  tasks.o
    0x000026f4   0x000000b4   Code   RO          865    i.xTaskPriorityDisinherit  tasks.o
    0x000027a8   0x00000108   Code   RO          867    i.xTaskRemoveFromEventList  tasks.o
    0x000028b0   0x0000015c   Code   RO          868    i.xTaskResumeAll    tasks.o
    0x00002a0c   0x00000032   Code   RO         1195    i.xTimerCreate      timers.o
    0x00002a3e   0x00000002   PAD
    0x00002a40   0x00000048   Code   RO         1196    i.xTimerCreateTimerTask  timers.o
    0x00002a88   0x00000074   Code   RO         1197    i.xTimerGenericCommand  timers.o
    0x00002afc   0x00000030   Data   RO         1986    .constdata          uart.o
    0x00002b2c   0x00000028   Data   RO         2221    .constdata          c_p.l(_printf_hex_int.o)
    0x00002b54   0x00000020   Data   RO         2459    Region$$Table       anon$$obj.o


    Execution Region ER_RW (Base: 0x20000000, Size: 0x000000a8, Max: 0xffffffff, ABSOLUTE)

    Base Addr    Size         Type   Attr      Idx    E Section Name        Object

    0x20000000   0x00000019   Data   RW           13    .data               main.o
    0x20000019   0x00000001   PAD
    0x2000001a   0x00000004   Data   RW          222    .data               utility.o
    0x2000001e   0x00000002   PAD
    0x20000020   0x00000040   Data   RW          871    .data               tasks.o
    0x20000060   0x00000014   Data   RW         1203    .data               timers.o
    0x20000074   0x00000020   Data   RW         1496    .data               heap_4.o
    0x20000094   0x00000004   Data   RW         1553    .data               port.o
    0x20000098   0x00000008   Data   RW         2083    .data               retarget.o
    0x200000a0   0x00000008   Data   RW         2172    .data               system_nano100series.o


    Execution Region ER_ZI (Base: 0x200000a8, Size: 0x00002b40, Max: 0xffffffff, ABSOLUTE)

    Base Addr    Size         Type   Attr      Idx    E Section Name        Object

    0x200000a8   0x0000064c   Zero   RW           12    .bss                main.o
    0x200006f4   0x00000040   Zero   RW          628    .bss                queue.o
    0x20000734   0x000000c8   Zero   RW          870    .bss                tasks.o
    0x200007fc   0x00000028   Zero   RW         1202    .bss                timers.o
    0x20000824   0x00001964   Zero   RW         1495    .bss                heap_4.o
    0x20002188   0x00000060   Zero   RW         2334    .bss                c_p.l(libspace.o)
    0x200021e8   0x00000500   Zero   RW         2161    HEAP                startup_nano100series.o
    0x200026e8   0x00000500   Zero   RW         2160    STACK               startup_nano100series.o


==============================================================================

Image component sizes


      Code (inc. data)   RO Data    RW Data    ZI Data      Debug   Object Name

       352         28          0          0          0       3151   clk.o
        12          0          0          0          0        691   fifo.o
       700         76          0         32       6500       3927   heap_4.o
       126          0          0          0          0       2361   list.o
       414        130          0         25       1612     167756   main.o
       418         58          0          4          0       6067   port.o
      1716          4          0          0         64      14646   queue.o
       328        132          0          8          0       5189   retarget.o
        96         46        192          0       2560        632   startup_nano100series.o
       252         34          0          8          0       2182   system_nano100series.o
      2796        328          0         64        200      24643   tasks.o
      1182        108          0         20         40      12638   timers.o
       160         14         48          0          0       1308   uart.o
       224         42          0          0          0     148963   uart1.o
       296         86          0          4          0       9749   utility.o

    ----------------------------------------------------------------------
      9084       1086        272        168      10976     403903   Object Totals
         0          0         32          0          0          0   (incl. Generated)
        12          0          0          3          0          0   (incl. Padding)

    ----------------------------------------------------------------------

      Code (inc. data)   RO Data    RW Data    ZI Data      Debug   Library Member Name

         8          0          0          0          0         68   __main.o
       284          0          0          0          0        136   __printf_wp.o
         0          0          0          0          0          0   __rtentry.o
        12          0          0          0          0          0   __rtentry2.o
         6          0          0          0          0          0   __rtentry4.o
        60          8          0          0          0          0   __scatter.o
        26          0          0          0          0          0   __scatter_copy.o
        28          0          0          0          0          0   __scatter_zi.o
        48          6          0          0          0         88   _printf_char_common.o
        40          6          0          0          0         72   _printf_char_file.o
        10          0          0          0          0          0   _printf_d.o
       108         18          0          0          0         76   _printf_dec.o
        88          4         40          0          0         72   _printf_hex_int.o
       176          0          0          0          0         84   _printf_intcommon.o
         2          0          0          0          0          0   _printf_percent.o
         4          0          0          0          0          0   _printf_percent_end.o
        10          0          0          0          0          0   _printf_x.o
        18          0          0          0          0         68   aeabi_memset.o
       346          0          0          0          0         92   aeabi_sdiv.o
        16          0          0          0          0         68   exit.o
         6          0          0          0          0        136   heapauxi.o
         0          0          0          0          0          0   indicate_semi.o
         2          0          0          0          0          0   libinit.o
         2          0          0          0          0          0   libinit2.o
         2          0          0          0          0          0   libshutdown.o
         2          0          0          0          0          0   libshutdown2.o
         8          4          0          0         96         68   libspace.o
        28          6          0          0          0         84   noretval__2printf.o
        64          0          0          0          0        108   rt_memclr.o
       186          0          0          0          0        144   rt_memcpy.o
         2          0          0          0          0          0   rtexit.o
        10          0          0          0          0          0   rtexit2.o
        40          0          0          0          0         60   rtudiv10.o
        12          4          0          0          0         60   sys_exit.o
        62          0          0          0          0         80   sys_stackheap_outer.o
         2          0          0          0          0         68   use_no_semi.o

    ----------------------------------------------------------------------
      1728         56         40          0         96       1632   Library Totals
        10          0          0          0          0          0   (incl. Padding)

    ----------------------------------------------------------------------

      Code (inc. data)   RO Data    RW Data    ZI Data      Debug   Library Name

      1718         56         40          0         96       1632   c_p.l

    ----------------------------------------------------------------------
      1728         56         40          0         96       1632   Library Totals

    ----------------------------------------------------------------------

==============================================================================


      Code (inc. data)   RO Data    RW Data    ZI Data      Debug   

     10812       1142        312        168      11072     400527   Grand Totals
     10812       1142        312        168      11072     400527   ELF Image Totals
     10812       1142        312        168          0          0   ROM Totals

==============================================================================

    Total RO  Size (Code + RO Data)                11124 (  10.86kB)
    Total RW  Size (RW Data + ZI Data)             11240 (  10.98kB)
    Total ROM Size (Code + RO Data + RW Data)      11292 (  11.03kB)

==============================================================================

